Component: ARM Compiler 5.05 update 2 (build 169) Tool: armlink [4d0f33]

==============================================================================

Section Cross References

    startup_stm32f10x_hd.o(RESET) refers to startup_stm32f10x_hd.o(STACK) for __initial_sp
    startup_stm32f10x_hd.o(RESET) refers to startup_stm32f10x_hd.o(.text) for Reset_Handler
    startup_stm32f10x_hd.o(RESET) refers to stm32f10x_it.o(i.NMI_Handler) for NMI_Handler
    startup_stm32f10x_hd.o(RESET) refers to stm32f10x_it.o(i.HardFault_Handler) for HardFault_Handler
    startup_stm32f10x_hd.o(RESET) refers to stm32f10x_it.o(i.MemManage_Handler) for MemManage_Handler
    startup_stm32f10x_hd.o(RESET) refers to stm32f10x_it.o(i.BusFault_Handler) for BusFault_Handler
    startup_stm32f10x_hd.o(RESET) refers to stm32f10x_it.o(i.UsageFault_Handler) for UsageFault_Handler
    startup_stm32f10x_hd.o(RESET) refers to stm32f10x_it.o(i.SVC_Handler) for SVC_Handler
    startup_stm32f10x_hd.o(RESET) refers to stm32f10x_it.o(i.DebugMon_Handler) for DebugMon_Handler
    startup_stm32f10x_hd.o(RESET) refers to stm32f10x_it.o(i.PendSV_Handler) for PendSV_Handler
    startup_stm32f10x_hd.o(RESET) refers to stm32f10x_it.o(i.SysTick_Handler) for SysTick_Handler
    startup_stm32f10x_hd.o(RESET) refers to stm32f10x_it.o(i.TIM6_IRQHandler) for TIM6_IRQHandler
    startup_stm32f10x_hd.o(.text) refers to system_stm32f10x.o(i.SystemInit) for SystemInit
    startup_stm32f10x_hd.o(.text) refers to entry.o(.ARM.Collect$$$$00000000) for __main
    system_stm32f10x.o(i.SetSysClock) refers to system_stm32f10x.o(i.SetSysClockTo72) for SetSysClockTo72
    system_stm32f10x.o(i.SystemCoreClockUpdate) refers to system_stm32f10x.o(.data) for SystemCoreClock
    system_stm32f10x.o(i.SystemInit) refers to system_stm32f10x.o(i.SetSysClock) for SetSysClock
    stm32f10x_adc.o(i.ADC_DeInit) refers to stm32f10x_rcc.o(i.RCC_APB2PeriphResetCmd) for RCC_APB2PeriphResetCmd
    stm32f10x_bkp.o(i.BKP_DeInit) refers to stm32f10x_rcc.o(i.RCC_BackupResetCmd) for RCC_BackupResetCmd
    stm32f10x_can.o(i.CAN_DeInit) refers to stm32f10x_rcc.o(i.RCC_APB1PeriphResetCmd) for RCC_APB1PeriphResetCmd
    stm32f10x_can.o(i.CAN_GetITStatus) refers to stm32f10x_can.o(i.CheckITStatus) for CheckITStatus
    stm32f10x_cec.o(i.CEC_DeInit) refers to stm32f10x_rcc.o(i.RCC_APB1PeriphResetCmd) for RCC_APB1PeriphResetCmd
    stm32f10x_dac.o(i.DAC_DeInit) refers to stm32f10x_rcc.o(i.RCC_APB1PeriphResetCmd) for RCC_APB1PeriphResetCmd
    stm32f10x_flash.o(i.FLASH_EnableWriteProtection) refers to stm32f10x_flash.o(i.FLASH_WaitForLastOperation) for FLASH_WaitForLastOperation
    stm32f10x_flash.o(i.FLASH_EraseAllBank1Pages) refers to stm32f10x_flash.o(i.FLASH_WaitForLastBank1Operation) for FLASH_WaitForLastBank1Operation
    stm32f10x_flash.o(i.FLASH_EraseAllPages) refers to stm32f10x_flash.o(i.FLASH_WaitForLastOperation) for FLASH_WaitForLastOperation
    stm32f10x_flash.o(i.FLASH_EraseOptionBytes) refers to stm32f10x_flash.o(i.FLASH_GetReadOutProtectionStatus) for FLASH_GetReadOutProtectionStatus
    stm32f10x_flash.o(i.FLASH_EraseOptionBytes) refers to stm32f10x_flash.o(i.FLASH_WaitForLastOperation) for FLASH_WaitForLastOperation
    stm32f10x_flash.o(i.FLASH_ErasePage) refers to stm32f10x_flash.o(i.FLASH_WaitForLastOperation) for FLASH_WaitForLastOperation
    stm32f10x_flash.o(i.FLASH_ProgramHalfWord) refers to stm32f10x_flash.o(i.FLASH_WaitForLastOperation) for FLASH_WaitForLastOperation
    stm32f10x_flash.o(i.FLASH_ProgramOptionByteData) refers to stm32f10x_flash.o(i.FLASH_WaitForLastOperation) for FLASH_WaitForLastOperation
    stm32f10x_flash.o(i.FLASH_ProgramWord) refers to stm32f10x_flash.o(i.FLASH_WaitForLastOperation) for FLASH_WaitForLastOperation
    stm32f10x_flash.o(i.FLASH_ReadOutProtection) refers to stm32f10x_flash.o(i.FLASH_WaitForLastOperation) for FLASH_WaitForLastOperation
    stm32f10x_flash.o(i.FLASH_UserOptionByteConfig) refers to stm32f10x_flash.o(i.FLASH_WaitForLastOperation) for FLASH_WaitForLastOperation
    stm32f10x_flash.o(i.FLASH_WaitForLastBank1Operation) refers to stm32f10x_flash.o(i.FLASH_GetBank1Status) for FLASH_GetBank1Status
    stm32f10x_flash.o(i.FLASH_WaitForLastOperation) refers to stm32f10x_flash.o(i.FLASH_GetBank1Status) for FLASH_GetBank1Status
    stm32f10x_gpio.o(i.GPIO_AFIODeInit) refers to stm32f10x_rcc.o(i.RCC_APB2PeriphResetCmd) for RCC_APB2PeriphResetCmd
    stm32f10x_gpio.o(i.GPIO_DeInit) refers to stm32f10x_rcc.o(i.RCC_APB2PeriphResetCmd) for RCC_APB2PeriphResetCmd
    stm32f10x_i2c.o(i.I2C_DeInit) refers to stm32f10x_rcc.o(i.RCC_APB1PeriphResetCmd) for RCC_APB1PeriphResetCmd
    stm32f10x_i2c.o(i.I2C_Init) refers to stm32f10x_rcc.o(i.RCC_GetClocksFreq) for RCC_GetClocksFreq
    stm32f10x_pwr.o(i.PWR_DeInit) refers to stm32f10x_rcc.o(i.RCC_APB1PeriphResetCmd) for RCC_APB1PeriphResetCmd
    stm32f10x_rcc.o(i.RCC_GetClocksFreq) refers to stm32f10x_rcc.o(.data) for APBAHBPrescTable
[...]
    Removing stm32f10x_tim.o(i.TIM_EncoderInterfaceConfig), (66 bytes).
    Removing stm32f10x_tim.o(i.TIM_ForcedOC1Config), (18 bytes).
    Removing stm32f10x_tim.o(i.TIM_ForcedOC2Config), (26 bytes).
    Removing stm32f10x_tim.o(i.TIM_ForcedOC3Config), (18 bytes).
    Removing stm32f10x_tim.o(i.TIM_ForcedOC4Config), (26 bytes).
    Removing stm32f10x_tim.o(i.TIM_GenerateEvent), (4 bytes).
    Removing stm32f10x_tim.o(i.TIM_GetCapture1), (6 bytes).
    Removing stm32f10x_tim.o(i.TIM_GetCapture2), (6 bytes).
    Removing stm32f10x_tim.o(i.TIM_GetCapture3), (6 bytes).
    Removing stm32f10x_tim.o(i.TIM_GetCapture4), (8 bytes).
    Removing stm32f10x_tim.o(i.TIM_GetCounter), (6 bytes).
    Removing stm32f10x_tim.o(i.TIM_GetFlagStatus), (18 bytes).
    Removing stm32f10x_tim.o(i.TIM_GetPrescaler), (6 bytes).
    Removing stm32f10x_tim.o(i.TIM_ICInit), (172 bytes).
    Removing stm32f10x_tim.o(i.TIM_ICStructInit), (18 bytes).
    Removing stm32f10x_tim.o(i.TIM_ITRxExternalClockConfig), (24 bytes).
    Removing stm32f10x_tim.o(i.TIM_InternalClockConfig), (12 bytes).
    Removing stm32f10x_tim.o(i.TIM_OC1FastConfig), (18 bytes).
    Removing stm32f10x_tim.o(i.TIM_OC1NPolarityConfig), (18 bytes).
    Removing stm32f10x_tim.o(i.TIM_OC1PolarityConfig), (18 bytes).
    Removing stm32f10x_tim.o(i.TIM_OC2FastConfig), (26 bytes).
    Removing stm32f10x_tim.o(i.TIM_OC2NPolarityConfig), (26 bytes).
    Removing stm32f10x_tim.o(i.TIM_OC2PolarityConfig), (26 bytes).
    Removing stm32f10x_tim.o(i.TIM_OC3FastConfig), (18 bytes).
    Removing stm32f10x_tim.o(i.TIM_OC3NPolarityConfig), (26 bytes).
    Removing stm32f10x_tim.o(i.TIM_OC3PolarityConfig), (26 bytes).
    Removing stm32f10x_tim.o(i.TIM_OC4FastConfig), (26 bytes).
    Removing stm32f10x_tim.o(i.TIM_OC4PolarityConfig), (26 bytes).
    Removing stm32f10x_tim.o(i.TIM_OCStructInit), (20 bytes).
    Removing stm32f10x_tim.o(i.TIM_PWMIConfig), (124 bytes).
    Removing stm32f10x_tim.o(i.TIM_PrescalerConfig), (6 bytes).
    Removing stm32f10x_tim.o(i.TIM_SelectCCDMA), (24 bytes).
    Removing stm32f10x_tim.o(i.TIM_SelectCOM), (24 bytes).
    Removing stm32f10x_tim.o(i.TIM_SelectHallSensor), (24 bytes).
    Removing stm32f10x_tim.o(i.TIM_SelectInputTrigger), (18 bytes).
    Removing stm32f10x_tim.o(i.TIM_SelectMasterSlaveMode), (18 bytes).
    Removing stm32f10x_tim.o(i.TIM_SelectOCxM), (82 bytes).
    Removing stm32f10x_tim.o(i.TIM_SelectOnePulseMode), (18 bytes).
    Removing stm32f10x_tim.o(i.TIM_SelectOutputTrigger), (18 bytes).
    Removing stm32f10x_tim.o(i.TIM_SelectSlaveMode), (18 bytes).
    Removing stm32f10x_tim.o(i.TIM_SetAutoreload), (4 bytes).
    Removing stm32f10x_tim.o(i.TIM_SetClockDivision), (18 bytes).
    Removing stm32f10x_tim.o(i.TIM_SetCompare1), (4 bytes).
    Removing stm32f10x_tim.o(i.TIM_SetCompare2), (4 bytes).
    Removing stm32f10x_tim.o(i.TIM_SetCompare4), (6 bytes).
    Removing stm32f10x_tim.o(i.TIM_SetCounter), (4 bytes).
    Removing stm32f10x_tim.o(i.TIM_SetIC1Prescaler), (18 bytes).
    Removing stm32f10x_tim.o(i.TIM_SetIC2Prescaler), (26 bytes).
    Removing stm32f10x_tim.o(i.TIM_SetIC3Prescaler), (18 bytes).
    Removing stm32f10x_tim.o(i.TIM_SetIC4Prescaler), (26 bytes).
    Removing stm32f10x_tim.o(i.TIM_TIxExternalClockConfig), (62 bytes).
    Removing stm32f10x_tim.o(i.TIM_TimeBaseStructInit), (18 bytes).
    Removing stm32f10x_tim.o(i.TIM_UpdateDisableConfig), (24 bytes).
    Removing stm32f10x_tim.o(i.TIM_UpdateRequestConfig), (24 bytes).
    Removing stm32f10x_usart.o(i.USART_ClearFlag), (18 bytes).
    Removing stm32f10x_usart.o(i.USART_ClearITPendingBit), (30 bytes).
    Removing stm32f10x_usart.o(i.USART_ClockInit), (34 bytes).
    Removing stm32f10x_usart.o(i.USART_ClockStructInit), (12 bytes).
    Removing stm32f10x_usart.o(i.USART_Cmd), (24 bytes).
    Removing stm32f10x_usart.o(i.USART_DMACmd), (18 bytes).
    Removing stm32f10x_usart.o(i.USART_DeInit), (156 bytes).
    Removing stm32f10x_usart.o(i.USART_GetFlagStatus), (26 bytes).
    Removing stm32f10x_usart.o(i.USART_GetITStatus), (84 bytes).
    Removing stm32f10x_usart.o(i.USART_HalfDuplexCmd), (24 bytes).
    Removing stm32f10x_usart.o(i.USART_ITConfig), (74 bytes).
    Removing stm32f10x_usart.o(i.USART_Init), (216 bytes).
    Removing stm32f10x_usart.o(i.USART_IrDACmd), (24 bytes).
    Removing stm32f10x_usart.o(i.USART_IrDAConfig), (18 bytes).
    Removing stm32f10x_usart.o(i.USART_LINBreakDetectLengthConfig), (18 bytes).
    Removing stm32f10x_usart.o(i.USART_LINCmd), (24 bytes).
    Removing stm32f10x_usart.o(i.USART_OneBitMethodCmd), (24 bytes).
    Removing stm32f10x_usart.o(i.USART_OverSampling8Cmd), (22 bytes).
    Removing stm32f10x_usart.o(i.USART_ReceiveData), (10 bytes).
    Removing stm32f10x_usart.o(i.USART_ReceiverWakeUpCmd), (24 bytes).
    Removing stm32f10x_usart.o(i.USART_SendBreak), (10 bytes).
    Removing stm32f10x_usart.o(i.USART_SendData), (8 bytes).
    Removing stm32f10x_usart.o(i.USART_SetAddress), (18 bytes).
    Removing stm32f10x_usart.o(i.USART_SetGuardTime), (16 bytes).
    Removing stm32f10x_usart.o(i.USART_SetPrescaler), (16 bytes).
    Removing stm32f10x_usart.o(i.USART_SmartCardCmd), (24 bytes).
    Removing stm32f10x_usart.o(i.USART_SmartCardNACKCmd), (24 bytes).
    Removing stm32f10x_usart.o(i.USART_StructInit), (24 bytes).
    Removing stm32f10x_usart.o(i.USART_WakeUpConfig), (18 bytes).
    Removing stm32f10x_wwdg.o(i.WWDG_ClearFlag), (12 bytes).
    Removing stm32f10x_wwdg.o(i.WWDG_DeInit), (22 bytes).
    Removing stm32f10x_wwdg.o(i.WWDG_Enable), (16 bytes).
    Removing stm32f10x_wwdg.o(i.WWDG_EnableIT), (12 bytes).
    Removing stm32f10x_wwdg.o(i.WWDG_GetFlagStatus), (12 bytes).
    Removing stm32f10x_wwdg.o(i.WWDG_SetCounter), (16 bytes).
    Removing stm32f10x_wwdg.o(i.WWDG_SetPrescaler), (24 bytes).
    Removing stm32f10x_wwdg.o(i.WWDG_SetWindowValue), (40 bytes).
    Removing main.o(i.Flash_Read), (260 bytes).
    Removing motor.o(i.back_car), (96 bytes).
    Removing motor.o(i.delay), (20 bytes).
    Removing oled.o(i.LCD_CLS), (56 bytes).
    Removing oled.o(i.LCD_P6x8Char), (80 bytes).
    Removing oled.o(i.LCD_PrintValueF), (672 bytes).
    Removing oled.o(i.LCD_PrintValueF1), (492 bytes).
    Removing oled.o(i.LCD_PrintValueFP), (298 bytes).
    Removing zd.o(i.BASIC_TIM6_Stop), (16 bytes).
    Removing sys.o(.emb_text), (6 bytes).
    Removing sys.o(i.INTX_DISABLE), (4 bytes).
    Removing sys.o(i.INTX_ENABLE), (4 bytes).
    Removing sys.o(i.WFI_SET), (4 bytes).
    Removing flash.o(i.SPI_FLASH_BufferRead), (80 bytes).
    Removing flash.o(i.SPI_FLASH_BufferWrite), (290 bytes).
    Removing flash.o(i.SPI_FLASH_BulkErase), (40 bytes).
    Removing flash.o(i.SPI_FLASH_Init), (192 bytes).
    Removing flash.o(i.SPI_FLASH_PageWrite), (156 bytes).
    Removing flash.o(i.SPI_FLASH_ReadByte), (10 bytes).
    Removing flash.o(i.SPI_FLASH_ReadDeviceID), (60 bytes).
    Removing flash.o(i.SPI_FLASH_ReadID), (80 bytes).
    Removing flash.o(i.SPI_FLASH_SectorErase), (68 bytes).
    Removing flash.o(i.SPI_FLASH_SendByte), (120 bytes).
    Removing flash.o(i.SPI_FLASH_SendHalfWord), (112 bytes).
    Removing flash.o(i.SPI_FLASH_StartReadSequence), (48 bytes).
    Removing flash.o(i.SPI_FLASH_WaitForWriteEnd), (52 bytes).
    Removing flash.o(i.SPI_FLASH_WriteEnable), (32 bytes).
    Removing flash.o(i.SPI_Flash_PowerDown), (32 bytes).
    Removing flash.o(i.SPI_Flash_WAKEUP), (32 bytes).
    Removing flash.o(i.SPI_TIMEOUT_UserCallback), (64 bytes).
    Removing flash.o(i.flash_read), (18 bytes).
    Removing flash.o(.data), (4 bytes).
    Removing diver.o(i.SetMotor), (112 bytes).
    Removing diver.o(i.fjiaodu), (196 bytes).
    Removing diver.o(i.motorNcircle), (84 bytes).
    Removing diver.o(i.motorNspeed), (60 bytes).
    Removing diver.o(i.stop), (52 bytes).
    Removing diver.o(i.zjiaodu), (196 bytes).
    Removing diver.o(.data), (16 bytes).
    Removing ffixi.o(.text), (50 bytes).
    Removing cdcmple.o(.text), (48 bytes).
    Removing dfixul.o(.text), (48 bytes).

470 unused section(s) (total 21512 bytes) removed from the image.

==============================================================================

Image Symbol Table

    Local Symbols

    Symbol Name                              Value     Ov Type        Size  Object(Section)

    ../clib/microlib/division.c              0x00000000   Number         0  uldiv.o ABSOLUTE
    ../clib/microlib/division.c              0x00000000   Number         0  uidiv.o ABSOLUTE
    ../clib/microlib/init/entry.s            0x00000000   Number         0  entry5.o ABSOLUTE
    ../clib/microlib/init/entry.s            0x00000000   Number         0  entry7a.o ABSOLUTE
    ../clib/microlib/init/entry.s            0x00000000   Number         0  entry7b.o ABSOLUTE
    ../clib/microlib/init/entry.s            0x00000000   Number         0  entry.o ABSOLUTE
    ../clib/microlib/init/entry.s            0x00000000   Number         0  entry11b.o ABSOLUTE
    ../clib/microlib/init/entry.s            0x00000000   Number         0  entry8a.o ABSOLUTE
    ../clib/microlib/init/entry.s            0x00000000   Number         0  entry8b.o ABSOLUTE
    ../clib/microlib/init/entry.s            0x00000000   Number         0  entry9a.o ABSOLUTE
    ../clib/microlib/init/entry.s            0x00000000   Number         0  entry9b.o ABSOLUTE
    ../clib/microlib/init/entry.s            0x00000000   Number         0  entry10a.o ABSOLUTE
    ../clib/microlib/init/entry.s            0x00000000   Number         0  entry11a.o ABSOLUTE
    ../clib/microlib/init/entry.s            0x00000000   Number         0  entry10b.o ABSOLUTE
    ../clib/microlib/init/entry.s            0x00000000   Number         0  entry2.o ABSOLUTE
    ../clib/microlib/longlong.c              0x00000000   Number         0  llsshr.o ABSOLUTE
    ../clib/microlib/longlong.c              0x00000000   Number         0  llushr.o ABSOLUTE
    ../clib/microlib/longlong.c              0x00000000   Number         0  llshl.o ABSOLUTE
    ../clib/microlib/printf/printf.c         0x00000000   Number         0  printf0.o ABSOLUTE
    ../clib/microlib/printf/printf.c         0x00000000   Number         0  printf2.o ABSOLUTE
    ../clib/microlib/printf/printf.c         0x00000000   Number         0  printfb.o ABSOLUTE
    ../clib/microlib/printf/printf.c         0x00000000   Number         0  printf3.o ABSOLUTE
    ../clib/microlib/printf/printf.c         0x00000000   Number         0  printf4.o ABSOLUTE
    ../clib/microlib/printf/printf.c         0x00000000   Number         0  printf5.o ABSOLUTE
    ../clib/microlib/printf/printf.c         0x00000000   Number         0  printf6.o ABSOLUTE
    ../clib/microlib/printf/printf.c         0x00000000   Number         0  printf7.o ABSOLUTE
    ../clib/microlib/printf/printf.c         0x00000000   Number         0  printf8.o ABSOLUTE
    ../clib/microlib/printf/printf.c         0x00000000   Number         0  printfa.o ABSOLUTE
    ../clib/microlib/printf/printf.c         0x00000000   Number         0  printf1.o ABSOLUTE
    ../clib/microlib/printf/stubs.s          0x00000000   Number         0  stubs.o ABSOLUTE
    ../clib/microlib/stdio/fputc.c           0x00000000   Number         0  fputc.o ABSOLUTE
    ../clib/microlib/stdio/semi.s            0x00000000   Number         0  semi.o ABSOLUTE
    ../clib/microlib/stdio/streams.c         0x00000000   Number         0  stdout.o ABSOLUTE
    ../clib/microlib/stubs.s                 0x00000000   Number         0  iusesemip.o ABSOLUTE
    ../clib/microlib/stubs.s                 0x00000000   Number         0  iusefp.o ABSOLUTE
    ../fplib/microlib/d2f.c                  0x00000000   Number         0  d2f.o ABSOLUTE
    ../fplib/microlib/f2d.c                  0x00000000   Number         0  f2d.o ABSOLUTE
    ../fplib/microlib/fpadd.c                0x00000000   Number         0  dadd.o ABSOLUTE
    ../fplib/microlib/fpadd.c                0x00000000   Number         0  fadd.o ABSOLUTE
    ../fplib/microlib/fpdiv.c                0x00000000   Number         0  ddiv.o ABSOLUTE
    ../fplib/microlib/fpepilogue.c           0x00000000   Number         0  depilogue.o ABSOLUTE
    ../fplib/microlib/fpepilogue.c           0x00000000   Number         0  fepilogue.o ABSOLUTE
    ../fplib/microlib/fpfix.c                0x00000000   Number         0  ffixi.o ABSOLUTE
    ../fplib/microlib/fpfix.c                0x00000000   Number         0  dfixul.o ABSOLUTE
    ../fplib/microlib/fpfix.c                0x00000000   Number         0  ffixui.o ABSOLUTE
    ../fplib/microlib/fpfix.c                0x00000000   Number         0  dfixui.o ABSOLUTE
    ../fplib/microlib/fpflt.c                0x00000000   Number         0  dfltui.o ABSOLUTE
    ../fplib/microlib/fpflt.c                0x00000000   Number         0  fflti.o ABSOLUTE
    ../fplib/microlib/fpflt.c                0x00000000   Number         0  ffltui.o ABSOLUTE
    ../fplib/microlib/fpflt.c                0x00000000   Number         0  dflti.o ABSOLUTE
    ../fplib/microlib/fpmul.c                0x00000000   Number         0  fmul.o ABSOLUTE
    ../fplib/microlib/fpmul.c                0x00000000   Number         0  dmul.o ABSOLUTE
    ../mathlib/floor.c                       0x00000000   Number         0  floor.o ABSOLUTE
    ..\Libraries\CMSIS\arm\startup_stm32f10x_hd.s 0x00000000   Number         0  startup_stm32f10x_hd.o ABSOLUTE
    ..\Libraries\CMSIS\core_cm3.c            0x00000000   Number         0  core_cm3.o ABSOLUTE
    ..\Libraries\CMSIS\system_stm32f10x.c    0x00000000   Number         0  system_stm32f10x.o ABSOLUTE
    ..\Libraries\STM32F10x_StdPeriph_Driver\src\misc.c 0x00000000   Number         0  misc.o ABSOLUTE
    ..\Libraries\STM32F10x_StdPeriph_Driver\src\stm32f10x_adc.c 0x00000000   Number         0  stm32f10x_adc.o ABSOLUTE
    ..\Libraries\STM32F10x_StdPeriph_Driver\src\stm32f10x_bkp.c 0x00000000   Number         0  stm32f10x_bkp.o ABSOLUTE
    ..\Libraries\STM32F10x_StdPeriph_Driver\src\stm32f10x_can.c 0x00000000   Number         0  stm32f10x_can.o ABSOLUTE
    ..\Libraries\STM32F10x_StdPeriph_Driver\src\stm32f10x_cec.c 0x00000000   Number         0  stm32f10x_cec.o ABSOLUTE
    ..\Libraries\STM32F10x_StdPeriph_Driver\src\stm32f10x_crc.c 0x00000000   Number         0  stm32f10x_crc.o ABSOLUTE
    ..\Libraries\STM32F10x_StdPeriph_Driver\src\stm32f10x_dac.c 0x00000000   Number         0  stm32f10x_dac.o ABSOLUTE
    ..\Libraries\STM32F10x_StdPeriph_Driver\src\stm32f10x_dbgmcu.c 0x00000000   Number         0  stm32f10x_dbgmcu.o ABSOLUTE
    ..\Libraries\STM32F10x_StdPeriph_Driver\src\stm32f10x_dma.c 0x00000000   Number         0  stm32f10x_dma.o ABSOLUTE
    ..\Libraries\STM32F10x_StdPeriph_Driver\src\stm32f10x_exti.c 0x00000000   Number         0  stm32f10x_exti.o ABSOLUTE
    ..\Libraries\STM32F10x_StdPeriph_Driver\src\stm32f10x_flash.c 0x00000000   Number         0  stm32f10x_flash.o ABSOLUTE
    ..\Libraries\STM32F10x_StdPeriph_Driver\src\stm32f10x_fsmc.c 0x00000000   Number         0  stm32f10x_fsmc.o ABSOLUTE
    ..\Libraries\STM32F10x_StdPeriph_Driver\src\stm32f10x_gpio.c 0x00000000   Number         0  stm32f10x_gpio.o ABSOLUTE
    ..\Libraries\STM32F10x_StdPeriph_Driver\src\stm32f10x_i2c.c 0x00000000   Number         0  stm32f10x_i2c.o ABSOLUTE
    ..\Libraries\STM32F10x_StdPeriph_Driver\src\stm32f10x_iwdg.c 0x00000000   Number         0  stm32f10x_iwdg.o ABSOLUTE
    ..\Libraries\STM32F10x_StdPeriph_Driver\src\stm32f10x_pwr.c 0x00000000   Number         0  stm32f10x_pwr.o ABSOLUTE
    ..\Libraries\STM32F10x_StdPeriph_Driver\src\stm32f10x_rcc.c 0x00000000   Number         0  stm32f10x_rcc.o ABSOLUTE
    ..\Libraries\STM32F10x_StdPeriph_Driver\src\stm32f10x_rtc.c 0x00000000   Number         0  stm32f10x_rtc.o ABSOLUTE
    ..\Libraries\STM32F10x_StdPeriph_Driver\src\stm32f10x_sdio.c 0x00000000   Number         0  stm32f10x_sdio.o ABSOLUTE
    ..\Libraries\STM32F10x_StdPeriph_Driver\src\stm32f10x_spi.c 0x00000000   Number         0  stm32f10x_spi.o ABSOLUTE
    ..\Libraries\STM32F10x_StdPeriph_Driver\src\stm32f10x_tim.c 0x00000000   Number         0  stm32f10x_tim.o ABSOLUTE
    ..\Libraries\STM32F10x_StdPeriph_Driver\src\stm32f10x_usart.c 0x00000000   Number         0  stm32f10x_usart.o ABSOLUTE
    ..\Libraries\STM32F10x_StdPeriph_Driver\src\stm32f10x_wwdg.c 0x00000000   Number         0  stm32f10x_wwdg.o ABSOLUTE
    ..\User\adc.c                            0x00000000   Number         0  adc.o ABSOLUTE
    ..\User\bujin.c                          0x00000000   Number         0  bujin.o ABSOLUTE
    ..\User\delays.c                         0x00000000   Number         0  delays.o ABSOLUTE
    ..\User\diver.c                          0x00000000   Number         0  diver.o ABSOLUTE
    ..\User\flash.c                          0x00000000   Number         0  flash.o ABSOLUTE
    ..\User\iic.c                            0x00000000   Number         0  iic.o ABSOLUTE
    ..\User\madc.c                           0x00000000   Number         0  madc.o ABSOLUTE
    ..\User\main.c                           0x00000000   Number         0  main.o ABSOLUTE
    ..\User\motor.c                          0x00000000   Number         0  motor.o ABSOLUTE
    ..\User\oled.c                           0x00000000   Number         0  oled.o ABSOLUTE
    ..\User\pca.c                            0x00000000   Number         0  pca.o ABSOLUTE
    ..\User\pid.c                            0x00000000   Number         0  pid.o ABSOLUTE
    ..\User\pwm.c                            0x00000000   Number         0  pwm.o ABSOLUTE
    ..\User\stm32f10x_it.c                   0x00000000   Number         0  stm32f10x_it.o ABSOLUTE
    ..\User\sys.c                            0x00000000   Number         0  sys.o ABSOLUTE
    ..\User\zd.c                             0x00000000   Number         0  zd.o ABSOLUTE
    ..\\Libraries\\CMSIS\\core_cm3.c         0x00000000   Number         0  core_cm3.o ABSOLUTE
    ..\\User\\sys.c                          0x00000000   Number         0  sys.o ABSOLUTE
    cdcmple.s                                0x00000000   Number         0  cdcmple.o ABSOLUTE
    cdrcmple.s                               0x00000000   Number         0  cdrcmple.o ABSOLUTE
    cfcmple.s                                0x00000000   Number         0  cfcmple.o ABSOLUTE
    cfrcmple.s                               0x00000000   Number         0  cfrcmple.o ABSOLUTE
    dc.s                                     0x00000000   Number         0  dc.o ABSOLUTE
    handlers.s                               0x00000000   Number         0  handlers.o ABSOLUTE
    init.s                                   0x00000000   Number         0  init.o ABSOLUTE
    RESET                                    0x08000000   Section      304  startup_stm32f10x_hd.o(RESET)
    .ARM.Collect$$$$00000000                 0x08000130   Section        0  entry.o(.ARM.Collect$$$$00000000)
    .ARM.Collect$$$$00000001                 0x08000130   Section        4  entry2.o(.ARM.Collect$$$$00000001)
    .ARM.Collect$$$$00000004                 0x08000134   Section        4  entry5.o(.ARM.Collect$$$$00000004)
    .ARM.Collect$$$$00000008                 0x08000138   Section        0  entry7b.o(.ARM.Collect$$$$00000008)
    .ARM.Collect$$$$0000000A                 0x08000138   Section        0  entry8b.o(.ARM.Collect$$$$0000000A)
    .ARM.Collect$$$$0000000B                 0x08000138   Section        8  entry9a.o(.ARM.Collect$$$$0000000B)
    .ARM.Collect$$$$0000000D                 0x08000140   Section        0  entry10a.o(.ARM.Collect$$$$0000000D)
    .ARM.Collect$$$$0000000F                 0x08000140   Section        0  entry11a.o(.ARM.Collect$$$$0000000F)
    .ARM.Collect$$$$00002712                 0x08000140   Section        4  entry2.o(.ARM.Collect$$$$00002712)
    __lit__00000000                          0x08000140   Data           4  entry2.o(.ARM.Collect$$$$00002712)
    .text                                    0x08000144   Section       36  startup_stm32f10x_hd.o(.text)
    .text                                    0x08000168   Section        0  fadd.o(.text)
    .text                                    0x08000218   Section        0  fmul.o(.text)
    .text                                    0x0800027c   Section        0  dadd.o(.text)
    .text                                    0x080003ca   Section        0  dmul.o(.text)
    .text                                    0x080004ae   Section        0  ddiv.o(.text)
    .text                                    0x0800058c   Section        0  fflti.o(.text)
    .text                                    0x0800059e   Section        0  ffltui.o(.text)
    .text                                    0x080005a8   Section        0  dflti.o(.text)
    .text                                    0x080005ca   Section        0  dfltui.o(.text)
    .text                                    0x080005e4   Section        0  ffixui.o(.text)
    .text                                    0x0800060c   Section        0  dfixui.o(.text)
    .text                                    0x0800063e   Section        0  f2d.o(.text)
    .text                                    0x08000664   Section        0  d2f.o(.text)
    .text                                    0x0800069c   Section       20  cfcmple.o(.text)
    .text                                    0x080006b0   Section       20  cfrcmple.o(.text)
    .text                                    0x080006c4   Section        0  llshl.o(.text)
    .text                                    0x080006e2   Section        0  llushr.o(.text)
    .text                                    0x08000702   Section        0  llsshr.o(.text)
    .text                                    0x08000726   Section        0  fepilogue.o(.text)
    .text                                    0x08000726   Section        0  iusefp.o(.text)
    .text                                    0x08000794   Section        0  depilogue.o(.text)
    .text                                    0x08000850   Section       48  cdrcmple.o(.text)
    .text                                    0x08000880   Section       36  init.o(.text)
    i.ADC_Cmd                                0x080008a4   Section        0  stm32f10x_adc.o(i.ADC_Cmd)
    i.ADC_DMACmd                             0x080008ba   Section        0  stm32f10x_adc.o(i.ADC_DMACmd)
    i.ADC_ExternalTrigConvCmd                0x080008d0   Section        0  stm32f10x_adc.o(i.ADC_ExternalTrigConvCmd)
    i.ADC_GetCalibrationStatus               0x080008e6   Section        0  stm32f10x_adc.o(i.ADC_GetCalibrationStatus)
    i.ADC_GetResetCalibrationStatus          0x080008fa   Section        0  stm32f10x_adc.o(i.ADC_GetResetCalibrationStatus)
    i.ADC_Init                               0x08000910   Section        0  stm32f10x_adc.o(i.ADC_Init)
    i.ADC_RegularChannelConfig               0x08000960   Section        0  stm32f10x_adc.o(i.ADC_RegularChannelConfig)
    i.ADC_ResetCalibration                   0x08000a18   Section        0  stm32f10x_adc.o(i.ADC_ResetCalibration)
    i.ADC_SoftwareStartConvCmd               0x08000a22   Section        0  stm32f10x_adc.o(i.ADC_SoftwareStartConvCmd)
    i.ADC_StartCalibration                   0x08000a38   Section        0  stm32f10x_adc.o(i.ADC_StartCalibration)
    i.ADCx_GPIO_Config                       0x08000a44   Section        0  adc.o(i.ADCx_GPIO_Config)
    ADCx_GPIO_Config                         0x08000a45   Thumb Code    96  adc.o(i.ADCx_GPIO_Config)
    i.ADCx_Init                              0x08000aa8   Section        0  adc.o(i.ADCx_Init)
    i.ADCx_Mode_Config                       0x08000ab4   Section        0  adc.o(i.ADCx_Mode_Config)
    ADCx_Mode_Config                         0x08000ab5   Thumb Code   426  adc.o(i.ADCx_Mode_Config)
    i.BASIC_TIM6_Init                        0x08000c70   Section        0  zd.o(i.BASIC_TIM6_Init)
    i.BASIC_TIM6_Start                       0x08000c7c   Section        0  zd.o(i.BASIC_TIM6_Start)
    i.BusFault_Handler                       0x08000c8c   Section        0  stm32f10x_it.o(i.BusFault_Handler)
    i.CONTROL                                0x08000c90   Section        0  motor.o(i.CONTROL)
    i.DBJ_Init                               0x08001390   Section        0  bujin.o(i.DBJ_Init)
    i.DISPLAY_AD_GET                         0x080013bc   Section        0  madc.o(i.DISPLAY_AD_GET)
    i.DMA_Cmd                                0x080015c4   Section        0  stm32f10x_dma.o(i.DMA_Cmd)
    i.DMA_DeInit                             0x080015dc   Section        0  stm32f10x_dma.o(i.DMA_DeInit)
    i.DMA_Init                               0x08001728   Section        0  stm32f10x_dma.o(i.DMA_Init)
    i.DebugMon_Handler                       0x08001764   Section        0  stm32f10x_it.o(i.DebugMon_Handler)
    i.FLASH_ClearFlag                        0x08001768   Section        0  stm32f10x_flash.o(i.FLASH_ClearFlag)
    i.FLASH_ErasePage                        0x08001774   Section        0  stm32f10x_flash.o(i.FLASH_ErasePage)
    i.FLASH_GetBank1Status                   0x080017c0   Section        0  stm32f10x_flash.o(i.FLASH_GetBank1Status)
    i.FLASH_Lock                             0x080017f4   Section        0  stm32f10x_flash.o(i.FLASH_Lock)
    i.FLASH_ProgramWord                      0x08001808   Section        0  stm32f10x_flash.o(i.FLASH_ProgramWord)
    i.FLASH_Unlock                           0x08001874   Section        0  stm32f10x_flash.o(i.FLASH_Unlock)
    i.FLASH_WaitForLastOperation             0x0800188c   Section        0  stm32f10x_flash.o(i.FLASH_WaitForLastOperation)
    i.GPIO_Init                              0x080018b2   Section        0  stm32f10x_gpio.o(i.GPIO_Init)
    i.GPIO_ReadInputDataBit                  0x080019c8   Section        0  stm32f10x_gpio.o(i.GPIO_ReadInputDataBit)
    i.GPIO_ResetBits                         0x080019da   Section        0  stm32f10x_gpio.o(i.GPIO_ResetBits)
    i.GPIO_SetBits                           0x080019de   Section        0  stm32f10x_gpio.o(i.GPIO_SetBits)
    i.HardFault_Handler                      0x080019e2   Section        0  stm32f10x_it.o(i.HardFault_Handler)
    i.IIC_Ack                                0x080019e8   Section        0  iic.o(i.IIC_Ack)
    i.IIC_Init                               0x08001a1c   Section        0  iic.o(i.IIC_Init)
    i.IIC_NAck                               0x08001a54   Section        0  iic.o(i.IIC_NAck)
    i.IIC_Read_Byte                          0x08001a88   Section        0  iic.o(i.IIC_Read_Byte)
    i.IIC_Send_Byte                          0x08001adc   Section        0  iic.o(i.IIC_Send_Byte)
    i.IIC_Start                              0x08001b28   Section        0  iic.o(i.IIC_Start)
    i.IIC_Stop                               0x08001b5c   Section        0  iic.o(i.IIC_Stop)
    i.IIC_Wait_Ack                           0x08001b8c   Section        0  iic.o(i.IIC_Wait_Ack)
    i.LCD_Fill                               0x08001bd4   Section        0  oled.o(i.LCD_Fill)
    i.LCD_Init                               0x08001c10   Section        0  oled.o(i.LCD_Init)
    i.LCD_P6x8Str                            0x08001cfc   Section        0  oled.o(i.LCD_P6x8Str)
    i.LCD_P6x8integer                        0x08001d60   Section        0  oled.o(i.LCD_P6x8integer)
    i.LCD_Set_Pos                            0x08001e30   Section        0  oled.o(i.LCD_Set_Pos)
    i.LCD_WrCmd                              0x08001e58   Section        0  oled.o(i.LCD_WrCmd)
    i.LCD_WrDat                              0x08001eb0   Section        0  oled.o(i.LCD_WrDat)
    i.MOTOR_GPIO_Init                        0x08001f08   Section        0  motor.o(i.MOTOR_GPIO_Init)
    i.MemManage_Handler                      0x08001ff0   Section        0  stm32f10x_it.o(i.MemManage_Handler)
    i.NMI_Handler                            0x08001ff4   Section        0  stm32f10x_it.o(i.NMI_Handler)
    i.NVIC_Init                              0x08001ff8   Section        0  misc.o(i.NVIC_Init)
    i.NVIC_PriorityGroupConfig               0x08002068   Section        0  misc.o(i.NVIC_PriorityGroupConfig)
    i.OLED_GPIO_Config                       0x0800207c   Section        0  oled.o(i.OLED_GPIO_Config)
    i.PCA_MG9XX                              0x080020a8   Section        0  pca.o(i.PCA_MG9XX)
    i.PCA_MG9XX_Init                         0x0800223c   Section        0  pca.o(i.PCA_MG9XX_Init)
    i.PID_Caculator                          0x08002300   Section        0  pid.o(i.PID_Caculator)
    i.PID_Config                             0x08002514   Section        0  pid.o(i.PID_Config)
    i.PWM_GPIO_config                        0x08002538   Section        0  pwm.o(i.PWM_GPIO_config)
    i.PWM_TIM3_Mode_Config                   0x0800256c   Section        0  pwm.o(i.PWM_TIM3_Mode_Config)
    i.PWM_TIM4_Mode_Config                   0x080025f4   Section        0  pwm.o(i.PWM_TIM4_Mode_Config)
    i.PWM_TIM_CH1                            0x0800267c   Section        0  pwm.o(i.PWM_TIM_CH1)
    i.PWM_TIM_CH2                            0x080026b4   Section        0  pwm.o(i.PWM_TIM_CH2)
    i.PWM_TIM_CH3                            0x080026ec   Section        0  pwm.o(i.PWM_TIM_CH3)
    i.PWM_TIM_CH4                            0x08002724   Section        0  pwm.o(i.PWM_TIM_CH4)
    i.PendSV_Handler                         0x0800275c   Section        0  stm32f10x_it.o(i.PendSV_Handler)
    i.RCC_ADCCLKConfig                       0x08002760   Section        0  stm32f10x_rcc.o(i.RCC_ADCCLKConfig)
    i.RCC_AHBPeriphClockCmd                  0x08002778   Section        0  stm32f10x_rcc.o(i.RCC_AHBPeriphClockCmd)
    i.RCC_APB1PeriphClockCmd                 0x08002798   Section        0  stm32f10x_rcc.o(i.RCC_APB1PeriphClockCmd)
    i.RCC_APB2PeriphClockCmd                 0x080027b8   Section        0  stm32f10x_rcc.o(i.RCC_APB2PeriphClockCmd)
    i.RecursiveAverageFiltering              0x080027d8   Section        0  madc.o(i.RecursiveAverageFiltering)
    i.SVC_Handler                            0x08002860   Section        0  stm32f10x_it.o(i.SVC_Handler)
    i.SetSysClock                            0x08002862   Section        0  system_stm32f10x.o(i.SetSysClock)
    SetSysClock                              0x08002863   Thumb Code     8  system_stm32f10x.o(i.SetSysClock)
    i.SetSysClockTo72                        0x0800286c   Section        0  system_stm32f10x.o(i.SetSysClockTo72)
    SetSysClockTo72                          0x0800286d   Thumb Code   214  system_stm32f10x.o(i.SetSysClockTo72)
    i.Step_Motor_GPIO_Init                   0x0800294c   Section        0  diver.o(i.Step_Motor_GPIO_Init)
    i.SysTick_CLKSourceConfig                0x080029a0   Section        0  misc.o(i.SysTick_CLKSourceConfig)
    i.SysTick_Handler                        0x080029c8   Section        0  stm32f10x_it.o(i.SysTick_Handler)
    i.SystemInit                             0x080029cc   Section        0  system_stm32f10x.o(i.SystemInit)
    i.TIM6_IRQHandler                        0x08002a2c   Section        0  stm32f10x_it.o(i.TIM6_IRQHandler)
    i.TIM6_Mode_Config                       0x08002a4c   Section        0  zd.o(i.TIM6_Mode_Config)
    TIM6_Mode_Config                         0x08002a4d   Thumb Code    60  zd.o(i.TIM6_Mode_Config)
    i.TIM6_NVIC_Config                       0x08002a8c   Section        0  zd.o(i.TIM6_NVIC_Config)
    TIM6_NVIC_Config                         0x08002a8d   Thumb Code    42  zd.o(i.TIM6_NVIC_Config)
    i.TIM8_init                              0x08002ab8   Section        0  pwm.o(i.TIM8_init)
    i.TIM_ARRPreloadConfig                   0x08002b54   Section        0  stm32f10x_tim.o(i.TIM_ARRPreloadConfig)
    i.TIM_ClearFlag                          0x08002b6c   Section        0  stm32f10x_tim.o(i.TIM_ClearFlag)
    i.TIM_ClearITPendingBit                  0x08002b72   Section        0  stm32f10x_tim.o(i.TIM_ClearITPendingBit)
    i.TIM_Cmd                                0x08002b78   Section        0  stm32f10x_tim.o(i.TIM_Cmd)
    i.TIM_CtrlPWMOutputs                     0x08002b90   Section        0  stm32f10x_tim.o(i.TIM_CtrlPWMOutputs)
    i.TIM_GetITStatus                        0x08002bae   Section        0  stm32f10x_tim.o(i.TIM_GetITStatus)
    i.TIM_ITConfig                           0x08002bd0   Section        0  stm32f10x_tim.o(i.TIM_ITConfig)
    i.TIM_OC1Init                            0x08002be4   Section        0  stm32f10x_tim.o(i.TIM_OC1Init)
    i.TIM_OC1PreloadConfig                   0x08002c7c   Section        0  stm32f10x_tim.o(i.TIM_OC1PreloadConfig)
    i.TIM_OC2Init                            0x08002c90   Section        0  stm32f10x_tim.o(i.TIM_OC2Init)
    i.TIM_OC2PreloadConfig                   0x08002d34   Section        0  stm32f10x_tim.o(i.TIM_OC2PreloadConfig)
    i.TIM_OC3Init                            0x08002d50   Section        0  stm32f10x_tim.o(i.TIM_OC3Init)
    i.TIM_OC3PreloadConfig                   0x08002df0   Section        0  stm32f10x_tim.o(i.TIM_OC3PreloadConfig)
    i.TIM_OC4Init                            0x08002e04   Section        0  stm32f10x_tim.o(i.TIM_OC4Init)
    i.TIM_OC4PreloadConfig                   0x08002e80   Section        0  stm32f10x_tim.o(i.TIM_OC4PreloadConfig)
    i.TIM_SetCompare3                        0x08002e9a   Section        0  stm32f10x_tim.o(i.TIM_SetCompare3)
    i.TIM_TimeBaseInit                       0x08002ea0   Section        0  stm32f10x_tim.o(i.TIM_TimeBaseInit)
    i.UsageFault_Handler                     0x08002f44   Section        0  stm32f10x_it.o(i.UsageFault_Handler)
    i.__scatterload_copy                     0x08002f48   Section       14  handlers.o(i.__scatterload_copy)
    i.__scatterload_null                     0x08002f56   Section        2  handlers.o(i.__scatterload_null)
    i.__scatterload_zeroinit                 0x08002f58   Section       14  handlers.o(i.__scatterload_zeroinit)
    i.average_ad_data                        0x08002f68   Section        0  madc.o(i.average_ad_data)
    i.delay_init                             0x08002fc8   Section        0  delays.o(i.delay_init)
    i.delay_ms                               0x0800300c   Section        0  delays.o(i.delay_ms)
    i.delay_us                               0x08003058   Section        0  delays.o(i.delay_us)
    i.flash                                  0x080030a4   Section        0  main.o(i.flash)
    i.flash_write                            0x080033d0   Section        0  flash.o(i.flash_write)
    i.floor                                  0x08003404   Section        0  floor.o(i.floor)
    i.get_adc                                0x080034e0   Section        0  madc.o(i.get_adc)
    i.go_car                                 0x080039ac   Section        0  motor.o(i.go_car)
    i.main                                   0x08003a0c   Section        0  main.o(i.main)
    i.pca_read                               0x08003a78   Section        0  pca.o(i.pca_read)
    i.pca_setfreq                            0x08003ab4   Section        0  pca.o(i.pca_setfreq)
    i.pca_setpwm                             0x08003b80   Section        0  pca.o(i.pca_setpwm)
    i.pca_write                              0x08003bbe   Section        0  pca.o(i.pca_write)
    i.stop_car                               0x08003bec   Section        0  motor.o(i.stop_car)
    .constdata                               0x08003c34   Section      552  oled.o(.constdata)
    .data                                    0x20000000   Section       20  system_stm32f10x.o(.data)
    .data                                    0x20000014   Section        1  motor.o(.data)
    .data                                    0x20000015   Section        2  pid.o(.data)
    .data                                    0x20000018   Section      168  madc.o(.data)
    .data                                    0x200000c0   Section        4  delays.o(.data)
    fac_us                                   0x200000c0   Data           1  delays.o(.data)
    fac_ms                                   0x200000c2   Data           2  delays.o(.data)
    .bss                                     0x200000c4   Section       52  pid.o(.bss)
    .bss                                     0x200000f8   Section       16  adc.o(.bss)
    .bss                                     0x20000108   Section      240  madc.o(.bss)
    STACK                                    0x200001f8   Section     1024  startup_stm32f10x_hd.o(STACK)

    Global Symbols

    Symbol Name                              Value     Ov Type        Size  Object(Section)

    BuildAttributes$$THM_ISAv4$P$D$K$B$S$PE$A:L22UL41UL21$X:L11$S22US41US21$IEEE1$IW$USESV6$~STKCKD$USESV7$~SHL$OTIME$ROPI$IEEEJ$EBA8$MICROLIB$REQ8$PRES8$EABIv2 0x00000000   Number         0  anon$$obj.o ABSOLUTE
    __ARM_use_no_argv                        0x00000000   Number         0  main.o ABSOLUTE
    _printf_a                                0x00000000   Number         0  stubs.o ABSOLUTE
    _printf_c                                0x00000000   Number         0  stubs.o ABSOLUTE
    _printf_charcount                        0x00000000   Number         0  stubs.o ABSOLUTE
    _printf_d                                0x00000000   Number         0  stubs.o ABSOLUTE
    _printf_e                                0x00000000   Number         0  stubs.o ABSOLUTE
    _printf_f                                0x00000000   Number         0  stubs.o ABSOLUTE
    _printf_flags                            0x00000000   Number         0  stubs.o ABSOLUTE
    _printf_fp_dec                           0x00000000   Number         0  stubs.o ABSOLUTE
    _printf_fp_hex                           0x00000000   Number         0  stubs.o ABSOLUTE
    _printf_g                                0x00000000   Number         0  stubs.o ABSOLUTE
    _printf_i                                0x00000000   Number         0  stubs.o ABSOLUTE
    _printf_int_dec                          0x00000000   Number         0  stubs.o ABSOLUTE
    _printf_l                                0x00000000   Number         0  stubs.o ABSOLUTE
    _printf_lc                               0x00000000   Number         0  stubs.o ABSOLUTE
    _printf_ll                               0x00000000   Number         0  stubs.o ABSOLUTE
    _printf_lld                              0x00000000   Number         0  stubs.o ABSOLUTE
    _printf_lli                              0x00000000   Number         0  stubs.o ABSOLUTE
    _printf_llo                              0x00000000   Number         0  stubs.o ABSOLUTE
    _printf_llu                              0x00000000   Number         0  stubs.o ABSOLUTE
    _printf_llx                              0x00000000   Number         0  stubs.o ABSOLUTE
    _printf_longlong_dec                     0x00000000   Number         0  stubs.o ABSOLUTE
    _printf_longlong_hex                     0x00000000   Number         0  stubs.o ABSOLUTE
    _printf_longlong_oct                     0x00000000   Number         0  stubs.o ABSOLUTE
    _printf_ls                               0x00000000   Number         0  stubs.o ABSOLUTE
    _printf_mbtowc                           0x00000000   Number         0  stubs.o ABSOLUTE
    _printf_n                                0x00000000   Number         0  stubs.o ABSOLUTE
    _printf_o                                0x00000000   Number         0  stubs.o ABSOLUTE
    _printf_p                                0x00000000   Number         0  stubs.o ABSOLUTE
    _printf_percent                          0x00000000   Number         0  stubs.o ABSOLUTE
    _printf_pre_padding                      0x00000000   Number         0  stubs.o ABSOLUTE
    _printf_return_value                     0x00000000   Number         0  stubs.o ABSOLUTE
    _printf_s                                0x00000000   Number         0  stubs.o ABSOLUTE
    _printf_sizespec                         0x00000000   Number         0  stubs.o ABSOLUTE
    _printf_str                              0x00000000   Number         0  stubs.o ABSOLUTE
    _printf_truncate_signed                  0x00000000   Number         0  stubs.o ABSOLUTE
    _printf_truncate_unsigned                0x00000000   Number         0  stubs.o ABSOLUTE
    _printf_u                                0x00000000   Number         0  stubs.o ABSOLUTE
    _printf_wc                               0x00000000   Number         0  stubs.o ABSOLUTE
    _printf_wctomb                           0x00000000   Number         0  stubs.o ABSOLUTE
    _printf_widthprec                        0x00000000   Number         0  stubs.o ABSOLUTE
    _printf_x                                0x00000000   Number         0  stubs.o ABSOLUTE
    __cpp_initialize__aeabi_                  - Undefined Weak Reference
    __cxa_finalize                            - Undefined Weak Reference
    __decompress                              - Undefined Weak Reference
    _clock_init                               - Undefined Weak Reference
    _microlib_exit                            - Undefined Weak Reference
    __Vectors_Size                           0x00000130   Number         0  startup_stm32f10x_hd.o ABSOLUTE
    __Vectors                                0x08000000   Data           4  startup_stm32f10x_hd.o(RESET)
    __Vectors_End                            0x08000130   Data           0  startup_stm32f10x_hd.o(RESET)
    __main                                   0x08000131   Thumb Code     0  entry.o(.ARM.Collect$$$$00000000)
    _main_stk                                0x08000131   Thumb Code     0  entry2.o(.ARM.Collect$$$$00000001)
    _main_scatterload                        0x08000135   Thumb Code     0  entry5.o(.ARM.Collect$$$$00000004)
    __main_after_scatterload                 0x08000139   Thumb Code     0  entry5.o(.ARM.Collect$$$$00000004)
    _main_clock                              0x08000139   Thumb Code     0  entry7b.o(.ARM.Collect$$$$00000008)
    _main_cpp_init                           0x08000139   Thumb Code     0  entry8b.o(.ARM.Collect$$$$0000000A)
    _main_init                               0x08000139   Thumb Code     0  entry9a.o(.ARM.Collect$$$$0000000B)
    __rt_final_cpp                           0x08000141   Thumb Code     0  entry10a.o(.ARM.Collect$$$$0000000D)
    __rt_final_exit                          0x08000141   Thumb Code     0  entry11a.o(.ARM.Collect$$$$0000000F)
    Reset_Handler                            0x08000145   Thumb Code     8  startup_stm32f10x_hd.o(.text)
    ADC1_2_IRQHandler                        0x0800015f   Thumb Code     0  startup_stm32f10x_hd.o(.text)
    ADC3_IRQHandler                          0x0800015f   Thumb Code     0  startup_stm32f10x_hd.o(.text)
    CAN1_RX1_IRQHandler                      0x0800015f   Thumb Code     0  startup_stm32f10x_hd.o(.text)
    CAN1_SCE_IRQHandler                      0x0800015f   Thumb Code     0  startup_stm32f10x_hd.o(.text)
    DMA1_Channel1_IRQHandler                 0x0800015f   Thumb Code     0  startup_stm32f10x_hd.o(.text)
    DMA1_Channel2_IRQHandler                 0x0800015f   Thumb Code     0  startup_stm32f10x_hd.o(.text)
    DMA1_Channel3_IRQHandler                 0x0800015f   Thumb Code     0  startup_stm32f10x_hd.o(.text)
    DMA1_Channel4_IRQHandler                 0x0800015f   Thumb Code     0  startup_stm32f10x_hd.o(.text)
    DMA1_Channel5_IRQHandler                 0x0800015f   Thumb Code     0  startup_stm32f10x_hd.o(.text)
    DMA1_Channel6_IRQHandler                 0x0800015f   Thumb Code     0  startup_stm32f10x_hd.o(.text)
    DMA1_Channel7_IRQHandler                 0x0800015f   Thumb Code     0  startup_stm32f10x_hd.o(.text)
    DMA2_Channel1_IRQHandler                 0x0800015f   Thumb Code     0  startup_stm32f10x_hd.o(.text)
    DMA2_Channel2_IRQHandler                 0x0800015f   Thumb Code     0  startup_stm32f10x_hd.o(.text)
    DMA2_Channel3_IRQHandler                 0x0800015f   Thumb Code     0  startup_stm32f10x_hd.o(.text)
    DMA2_Channel4_5_IRQHandler               0x0800015f   Thumb Code     0  startup_stm32f10x_hd.o(.text)
    EXTI0_IRQHandler                         0x0800015f   Thumb Code     0  startup_stm32f10x_hd.o(.text)
    EXTI15_10_IRQHandler                     0x0800015f   Thumb Code     0  startup_stm32f10x_hd.o(.text)
    EXTI1_IRQHandler                         0x0800015f   Thumb Code     0  startup_stm32f10x_hd.o(.text)
    EXTI2_IRQHandler                         0x0800015f   Thumb Code     0  startup_stm32f10x_hd.o(.text)
    EXTI3_IRQHandler                         0x0800015f   Thumb Code     0  startup_stm32f10x_hd.o(.text)
    EXTI4_IRQHandler                         0x0800015f   Thumb Code     0  startup_stm32f10x_hd.o(.text)
    EXTI9_5_IRQHandler                       0x0800015f   Thumb Code     0  startup_stm32f10x_hd.o(.text)
    FLASH_IRQHandler                         0x0800015f   Thumb Code     0  startup_stm32f10x_hd.o(.text)
    FSMC_IRQHandler                          0x0800015f   Thumb Code     0  startup_stm32f10x_hd.o(.text)
    I2C1_ER_IRQHandler                       0x0800015f   Thumb Code     0  startup_stm32f10x_hd.o(.text)
    I2C1_EV_IRQHandler                       0x0800015f   Thumb Code     0  startup_stm32f10x_hd.o(.text)
    I2C2_ER_IRQHandler                       0x0800015f   Thumb Code     0  startup_stm32f10x_hd.o(.text)
    I2C2_EV_IRQHandler                       0x0800015f   Thumb Code     0  startup_stm32f10x_hd.o(.text)
    PVD_IRQHandler                           0x0800015f   Thumb Code     0  startup_stm32f10x_hd.o(.text)
    RCC_IRQHandler                           0x0800015f   Thumb Code     0  startup_stm32f10x_hd.o(.text)
    RTCAlarm_IRQHandler                      0x0800015f   Thumb Code     0  startup_stm32f10x_hd.o(.text)
    RTC_IRQHandler                           0x0800015f   Thumb Code     0  startup_stm32f10x_hd.o(.text)
    SDIO_IRQHandler                          0x0800015f   Thumb Code     0  startup_stm32f10x_hd.o(.text)
    SPI1_IRQHandler                          0x0800015f   Thumb Code     0  startup_stm32f10x_hd.o(.text)
    SPI2_IRQHandler                          0x0800015f   Thumb Code     0  startup_stm32f10x_hd.o(.text)
    SPI3_IRQHandler                          0x0800015f   Thumb Code     0  startup_stm32f10x_hd.o(.text)
    TAMPER_IRQHandler                        0x0800015f   Thumb Code     0  startup_stm32f10x_hd.o(.text)
    TIM1_BRK_IRQHandler                      0x0800015f   Thumb Code     0  startup_stm32f10x_hd.o(.text)
    TIM1_CC_IRQHandler                       0x0800015f   Thumb Code     0  startup_stm32f10x_hd.o(.text)
    TIM1_TRG_COM_IRQHandler                  0x0800015f   Thumb Code     0  startup_stm32f10x_hd.o(.text)
    TIM1_UP_IRQHandler                       0x0800015f   Thumb Code     0  startup_stm32f10x_hd.o(.text)
    TIM2_IRQHandler                          0x0800015f   Thumb Code     0  startup_stm32f10x_hd.o(.text)
    TIM3_IRQHandler                          0x0800015f   Thumb Code     0  startup_stm32f10x_hd.o(.text)
    TIM4_IRQHandler                          0x0800015f   Thumb Code     0  startup_stm32f10x_hd.o(.text)
    TIM5_IRQHandler                          0x0800015f   Thumb Code     0  startup_stm32f10x_hd.o(.text)
    TIM7_IRQHandler                          0x0800015f   Thumb Code     0  startup_stm32f10x_hd.o(.text)
    TIM8_BRK_IRQHandler                      0x0800015f   Thumb Code     0  startup_stm32f10x_hd.o(.text)
    TIM8_CC_IRQHandler                       0x0800015f   Thumb Code     0  startup_stm32f10x_hd.o(.text)
    TIM8_TRG_COM_IRQHandler                  0x0800015f   Thumb Code     0  startup_stm32f10x_hd.o(.text)
    TIM8_UP_IRQHandler                       0x0800015f   Thumb Code     0  startup_stm32f10x_hd.o(.text)
    UART4_IRQHandler                         0x0800015f   Thumb Code     0  startup_stm32f10x_hd.o(.text)
    UART5_IRQHandler                         0x0800015f   Thumb Code     0  startup_stm32f10x_hd.o(.text)
    USART1_IRQHandler                        0x0800015f   Thumb Code     0  startup_stm32f10x_hd.o(.text)
    USART2_IRQHandler                        0x0800015f   Thumb Code     0  startup_stm32f10x_hd.o(.text)
    USART3_IRQHandler                        0x0800015f   Thumb Code     0  startup_stm32f10x_hd.o(.text)
    USBWakeUp_IRQHandler                     0x0800015f   Thumb Code     0  startup_stm32f10x_hd.o(.text)
    USB_HP_CAN1_TX_IRQHandler                0x0800015f   Thumb Code     0  startup_stm32f10x_hd.o(.text)
    USB_LP_CAN1_RX0_IRQHandler               0x0800015f   Thumb Code     0  startup_stm32f10x_hd.o(.text)
    WWDG_IRQHandler                          0x0800015f   Thumb Code     0  startup_stm32f10x_hd.o(.text)
    __aeabi_fadd                             0x08000169   Thumb Code   164  fadd.o(.text)
    __aeabi_fsub                             0x0800020d   Thumb Code     6  fadd.o(.text)
    __aeabi_frsub                            0x08000213   Thumb Code     6  fadd.o(.text)
    __aeabi_fmul                             0x08000219   Thumb Code   100  fmul.o(.text)
    __aeabi_dadd                             0x0800027d   Thumb Code   322  dadd.o(.text)
    __aeabi_dsub                             0x080003bf   Thumb Code     6  dadd.o(.text)
    __aeabi_drsub                            0x080003c5   Thumb Code     6  dadd.o(.text)
    __aeabi_dmul                             0x080003cb   Thumb Code   228  dmul.o(.text)
    __aeabi_ddiv                             0x080004af   Thumb Code   222  ddiv.o(.text)
    __aeabi_i2f                              0x0800058d   Thumb Code    18  fflti.o(.text)
    __aeabi_ui2f                             0x0800059f   Thumb Code    10  ffltui.o(.text)
    __aeabi_i2d                              0x080005a9   Thumb Code    34  dflti.o(.text)
    __aeabi_ui2d                             0x080005cb   Thumb Code    26  dfltui.o(.text)
    __aeabi_f2uiz                            0x080005e5   Thumb Code    40  ffixui.o(.text)
    __aeabi_d2uiz                            0x0800060d   Thumb Code    50  dfixui.o(.text)
    __aeabi_f2d                              0x0800063f   Thumb Code    38  f2d.o(.text)
    __aeabi_d2f                              0x08000665   Thumb Code    56  d2f.o(.text)
    __aeabi_cfcmpeq                          0x0800069d   Thumb Code     0  cfcmple.o(.text)
    __aeabi_cfcmple                          0x0800069d   Thumb Code    20  cfcmple.o(.text)
    __aeabi_cfrcmple                         0x080006b1   Thumb Code    20  cfrcmple.o(.text)
    __aeabi_llsl                             0x080006c5   Thumb Code    30  llshl.o(.text)
    _ll_shift_l                              0x080006c5   Thumb Code     0  llshl.o(.text)
    __aeabi_llsr                             0x080006e3   Thumb Code    32  llushr.o(.text)
    _ll_ushift_r                             0x080006e3   Thumb Code     0  llushr.o(.text)
    __aeabi_lasr                             0x08000703   Thumb Code    36  llsshr.o(.text)
    _ll_sshift_r                             0x08000703   Thumb Code     0  llsshr.o(.text)
    __I$use$fp                               0x08000727   Thumb Code     0  iusefp.o(.text)
    _float_round                             0x08000727   Thumb Code    18  fepilogue.o(.text)
    _float_epilogue                          0x08000739   Thumb Code    92  fepilogue.o(.text)
    _double_round                            0x08000795   Thumb Code    30  depilogue.o(.text)
    _double_epilogue                         0x080007b3   Thumb Code   156  depilogue.o(.text)
    __aeabi_cdrcmple                         0x08000851   Thumb Code    48  cdrcmple.o(.text)
    __scatterload                            0x08000881   Thumb Code    28  init.o(.text)
    __scatterload_rt2                        0x08000881   Thumb Code     0  init.o(.text)
    ADC_Cmd                                  0x080008a5   Thumb Code    22  stm32f10x_adc.o(i.ADC_Cmd)
    ADC_DMACmd                               0x080008bb   Thumb Code    22  stm32f10x_adc.o(i.ADC_DMACmd)
    ADC_ExternalTrigConvCmd                  0x080008d1   Thumb Code    22  stm32f10x_adc.o(i.ADC_ExternalTrigConvCmd)
    ADC_GetCalibrationStatus                 0x080008e7   Thumb Code    20  stm32f10x_adc.o(i.ADC_GetCalibrationStatus)
    ADC_GetResetCalibrationStatus            0x080008fb   Thumb Code    20  stm32f10x_adc.o(i.ADC_GetResetCalibrationStatus)
    ADC_Init                                 0x08000911   Thumb Code    70  stm32f10x_adc.o(i.ADC_Init)
    ADC_RegularChannelConfig                 0x08000961   Thumb Code   184  stm32f10x_adc.o(i.ADC_RegularChannelConfig)
    ADC_ResetCalibration                     0x08000a19   Thumb Code    10  stm32f10x_adc.o(i.ADC_ResetCalibration)
    ADC_SoftwareStartConvCmd                 0x08000a23   Thumb Code    22  stm32f10x_adc.o(i.ADC_SoftwareStartConvCmd)
    ADC_StartCalibration                     0x08000a39   Thumb Code    10  stm32f10x_adc.o(i.ADC_StartCalibration)
    ADCx_Init                                0x08000aa9   Thumb Code    12  adc.o(i.ADCx_Init)
    BASIC_TIM6_Init                          0x08000c71   Thumb Code    12  zd.o(i.BASIC_TIM6_Init)
    BASIC_TIM6_Start                         0x08000c7d   Thumb Code    12  zd.o(i.BASIC_TIM6_Start)
    BusFault_Handler                         0x08000c8d   Thumb Code     4  stm32f10x_it.o(i.BusFault_Handler)
    CONTROL                                  0x08000c91   Thumb Code  1776  motor.o(i.CONTROL)
    DBJ_Init                                 0x08001391   Thumb Code    38  bujin.o(i.DBJ_Init)
    DISPLAY_AD_GET                           0x080013bd   Thumb Code   364  madc.o(i.DISPLAY_AD_GET)
    DMA_Cmd                                  0x080015c5   Thumb Code    24  stm32f10x_dma.o(i.DMA_Cmd)
    DMA_DeInit                               0x080015dd   Thumb Code   324  stm32f10x_dma.o(i.DMA_DeInit)
    DMA_Init                                 0x08001729   Thumb Code    60  stm32f10x_dma.o(i.DMA_Init)
    DebugMon_Handler                         0x08001765   Thumb Code     2  stm32f10x_it.o(i.DebugMon_Handler)
    FLASH_ClearFlag                          0x08001769   Thumb Code     6  stm32f10x_flash.o(i.FLASH_ClearFlag)
    FLASH_ErasePage                          0x08001775   Thumb Code    72  stm32f10x_flash.o(i.FLASH_ErasePage)
    FLASH_GetBank1Status                     0x080017c1   Thumb Code    48  stm32f10x_flash.o(i.FLASH_GetBank1Status)
    FLASH_Lock                               0x080017f5   Thumb Code    14  stm32f10x_flash.o(i.FLASH_Lock)
    FLASH_ProgramWord                        0x08001809   Thumb Code   102  stm32f10x_flash.o(i.FLASH_ProgramWord)
    FLASH_Unlock                             0x08001875   Thumb Code    12  stm32f10x_flash.o(i.FLASH_Unlock)
    FLASH_WaitForLastOperation               0x0800188d   Thumb Code    38  stm32f10x_flash.o(i.FLASH_WaitForLastOperation)
    GPIO_Init                                0x080018b3   Thumb Code   278  stm32f10x_gpio.o(i.GPIO_Init)
    GPIO_ReadInputDataBit                    0x080019c9   Thumb Code    18  stm32f10x_gpio.o(i.GPIO_ReadInputDataBit)
    GPIO_ResetBits                           0x080019db   Thumb Code     4  stm32f10x_gpio.o(i.GPIO_ResetBits)
    GPIO_SetBits                             0x080019df   Thumb Code     4  stm32f10x_gpio.o(i.GPIO_SetBits)
    HardFault_Handler                        0x080019e3   Thumb Code     4  stm32f10x_it.o(i.HardFault_Handler)
    IIC_Ack                                  0x080019e9   Thumb Code    42  iic.o(i.IIC_Ack)
    IIC_Init                                 0x08001a1d   Thumb Code    50  iic.o(i.IIC_Init)
    IIC_NAck                                 0x08001a55   Thumb Code    44  iic.o(i.IIC_NAck)
    IIC_Read_Byte                            0x08001a89   Thumb Code    76  iic.o(i.IIC_Read_Byte)
    IIC_Send_Byte                            0x08001add   Thumb Code    68  iic.o(i.IIC_Send_Byte)
    IIC_Start                                0x08001b29   Thumb Code    42  iic.o(i.IIC_Start)
    IIC_Stop                                 0x08001b5d   Thumb Code    40  iic.o(i.IIC_Stop)
    IIC_Wait_Ack                             0x08001b8d   Thumb Code    64  iic.o(i.IIC_Wait_Ack)
    LCD_Fill                                 0x08001bd5   Thumb Code    58  oled.o(i.LCD_Fill)
    LCD_Init                                 0x08001c11   Thumb Code   232  oled.o(i.LCD_Init)
    LCD_P6x8Str                              0x08001cfd   Thumb Code    96  oled.o(i.LCD_P6x8Str)
    LCD_P6x8integer                          0x08001d61   Thumb Code   200  oled.o(i.LCD_P6x8integer)
    LCD_Set_Pos                              0x08001e31   Thumb Code    40  oled.o(i.LCD_Set_Pos)
    LCD_WrCmd                                0x08001e59   Thumb Code    84  oled.o(i.LCD_WrCmd)
    LCD_WrDat                                0x08001eb1   Thumb Code    84  oled.o(i.LCD_WrDat)
    MOTOR_GPIO_Init                          0x08001f09   Thumb Code   226  motor.o(i.MOTOR_GPIO_Init)
    MemManage_Handler                        0x08001ff1   Thumb Code     4  stm32f10x_it.o(i.MemManage_Handler)
    NMI_Handler                              0x08001ff5   Thumb Code     2  stm32f10x_it.o(i.NMI_Handler)
    NVIC_Init                                0x08001ff9   Thumb Code   100  misc.o(i.NVIC_Init)
    NVIC_PriorityGroupConfig                 0x08002069   Thumb Code    10  misc.o(i.NVIC_PriorityGroupConfig)
    OLED_GPIO_Config                         0x0800207d   Thumb Code    40  oled.o(i.OLED_GPIO_Config)
    PCA_MG9XX                                0x080020a9   Thumb Code   386  pca.o(i.PCA_MG9XX)
    PCA_MG9XX_Init                           0x0800223d   Thumb Code   196  pca.o(i.PCA_MG9XX_Init)
    PID_Caculator                            0x08002301   Thumb Code   476  pid.o(i.PID_Caculator)
    PID_Config                               0x08002515   Thumb Code    26  pid.o(i.PID_Config)
    PWM_GPIO_config                          0x08002539   Thumb Code    46  pwm.o(i.PWM_GPIO_config)
    PWM_TIM3_Mode_Config                     0x0800256d   Thumb Code   126  pwm.o(i.PWM_TIM3_Mode_Config)
    PWM_TIM4_Mode_Config                     0x080025f5   Thumb Code   126  pwm.o(i.PWM_TIM4_Mode_Config)
    PWM_TIM_CH1                              0x0800267d   Thumb Code    52  pwm.o(i.PWM_TIM_CH1)
    PWM_TIM_CH2                              0x080026b5   Thumb Code    52  pwm.o(i.PWM_TIM_CH2)
    PWM_TIM_CH3                              0x080026ed   Thumb Code    52  pwm.o(i.PWM_TIM_CH3)
    PWM_TIM_CH4                              0x08002725   Thumb Code    52  pwm.o(i.PWM_TIM_CH4)
    PendSV_Handler                           0x0800275d   Thumb Code     2  stm32f10x_it.o(i.PendSV_Handler)
    RCC_ADCCLKConfig                         0x08002761   Thumb Code    18  stm32f10x_rcc.o(i.RCC_ADCCLKConfig)
    RCC_AHBPeriphClockCmd                    0x08002779   Thumb Code    26  stm32f10x_rcc.o(i.RCC_AHBPeriphClockCmd)
    RCC_APB1PeriphClockCmd                   0x08002799   Thumb Code    26  stm32f10x_rcc.o(i.RCC_APB1PeriphClockCmd)
    RCC_APB2PeriphClockCmd                   0x080027b9   Thumb Code    26  stm32f10x_rcc.o(i.RCC_APB2PeriphClockCmd)
    RecursiveAverageFiltering                0x080027d9   Thumb Code   128  madc.o(i.RecursiveAverageFiltering)
    SVC_Handler                              0x08002861   Thumb Code     2  stm32f10x_it.o(i.SVC_Handler)
    Step_Motor_GPIO_Init                     0x0800294d   Thumb Code    76  diver.o(i.Step_Motor_GPIO_Init)
    SysTick_CLKSourceConfig                  0x080029a1   Thumb Code    40  misc.o(i.SysTick_CLKSourceConfig)
    SysTick_Handler                          0x080029c9   Thumb Code     2  stm32f10x_it.o(i.SysTick_Handler)
    SystemInit                               0x080029cd   Thumb Code    78  system_stm32f10x.o(i.SystemInit)
    TIM6_IRQHandler                          0x08002a2d   Thumb Code    26  stm32f10x_it.o(i.TIM6_IRQHandler)
    TIM8_init                                0x08002ab9   Thumb Code   146  pwm.o(i.TIM8_init)
    TIM_ARRPreloadConfig                     0x08002b55   Thumb Code    24  stm32f10x_tim.o(i.TIM_ARRPreloadConfig)
    TIM_ClearFlag                            0x08002b6d   Thumb Code     6  stm32f10x_tim.o(i.TIM_ClearFlag)
    TIM_ClearITPendingBit                    0x08002b73   Thumb Code     6  stm32f10x_tim.o(i.TIM_ClearITPendingBit)
    TIM_Cmd                                  0x08002b79   Thumb Code    24  stm32f10x_tim.o(i.TIM_Cmd)
    TIM_CtrlPWMOutputs                       0x08002b91   Thumb Code    30  stm32f10x_tim.o(i.TIM_CtrlPWMOutputs)
    TIM_GetITStatus                          0x08002baf   Thumb Code    34  stm32f10x_tim.o(i.TIM_GetITStatus)
    TIM_ITConfig                             0x08002bd1   Thumb Code    18  stm32f10x_tim.o(i.TIM_ITConfig)
    TIM_OC1Init                              0x08002be5   Thumb Code   132  stm32f10x_tim.o(i.TIM_OC1Init)
    TIM_OC1PreloadConfig                     0x08002c7d   Thumb Code    18  stm32f10x_tim.o(i.TIM_OC1PreloadConfig)
    TIM_OC2Init                              0x08002c91   Thumb Code   154  stm32f10x_tim.o(i.TIM_OC2Init)
    TIM_OC2PreloadConfig                     0x08002d35   Thumb Code    26  stm32f10x_tim.o(i.TIM_OC2PreloadConfig)
    TIM_OC3Init                              0x08002d51   Thumb Code   150  stm32f10x_tim.o(i.TIM_OC3Init)
    TIM_OC3PreloadConfig                     0x08002df1   Thumb Code    18  stm32f10x_tim.o(i.TIM_OC3PreloadConfig)
    TIM_OC4Init                              0x08002e05   Thumb Code   114  stm32f10x_tim.o(i.TIM_OC4Init)
    TIM_OC4PreloadConfig                     0x08002e81   Thumb Code    26  stm32f10x_tim.o(i.TIM_OC4PreloadConfig)
    TIM_SetCompare3                          0x08002e9b   Thumb Code     4  stm32f10x_tim.o(i.TIM_SetCompare3)
    TIM_TimeBaseInit                         0x08002ea1   Thumb Code   122  stm32f10x_tim.o(i.TIM_TimeBaseInit)
    UsageFault_Handler                       0x08002f45   Thumb Code     4  stm32f10x_it.o(i.UsageFault_Handler)
    __scatterload_copy                       0x08002f49   Thumb Code    14  handlers.o(i.__scatterload_copy)
    __scatterload_null                       0x08002f57   Thumb Code     2  handlers.o(i.__scatterload_null)
    __scatterload_zeroinit                   0x08002f59   Thumb Code    14  handlers.o(i.__scatterload_zeroinit)
    average_ad_data                          0x08002f69   Thumb Code    88  madc.o(i.average_ad_data)
    delay_init                               0x08002fc9   Thumb Code    50  delays.o(i.delay_init)
    delay_ms                                 0x0800300d   Thumb Code    72  delays.o(i.delay_ms)
    delay_us                                 0x08003059   Thumb Code    72  delays.o(i.delay_us)
    flash                                    0x080030a5   Thumb Code   678  main.o(i.flash)
    flash_write                              0x080033d1   Thumb Code    52  flash.o(i.flash_write)
    floor                                    0x08003405   Thumb Code   204  floor.o(i.floor)
    get_adc                                  0x080034e1   Thumb Code  1228  madc.o(i.get_adc)
    go_car                                   0x080039ad   Thumb Code    92  motor.o(i.go_car)
    main                                     0x08003a0d   Thumb Code    94  main.o(i.main)
    pca_read                                 0x08003a79   Thumb Code    58  pca.o(i.pca_read)
    pca_setfreq                              0x08003ab5   Thumb Code   180  pca.o(i.pca_setfreq)
    pca_setpwm                               0x08003b81   Thumb Code    62  pca.o(i.pca_setpwm)
    pca_write                                0x08003bbf   Thumb Code    46  pca.o(i.pca_write)
    stop_car                                 0x08003bed   Thumb Code    68  motor.o(i.stop_car)
    F6x8                                     0x08003c34   Data         552  oled.o(.constdata)
    Region$$Table$$Base                      0x08003e5c   Number         0  anon$$obj.o(Region$$Table)
    Region$$Table$$Limit                     0x08003e7c   Number         0  anon$$obj.o(Region$$Table)
    SystemCoreClock                          0x20000000   Data           4  system_stm32f10x.o(.data)
    AHBPrescTable                            0x20000004   Data          16  system_stm32f10x.o(.data)
    zhixing_flag                             0x20000014   Data           1  motor.o(.data)
    p                                        0x20000015   Data           1  pid.o(.data)
    x                                        0x20000016   Data           1  pid.o(.data)
    norm_AD1                                 0x20000018   Data           2  madc.o(.data)
    norm_AD2                                 0x2000001a   Data           2  madc.o(.data)
    norm_AD3                                 0x2000001c   Data           2  madc.o(.data)
    norm_AD4                                 0x2000001e   Data           2  madc.o(.data)
    norm_AD5                                 0x20000020   Data           2  madc.o(.data)
    norm_AD6                                 0x20000022   Data           2  madc.o(.data)
    norm_AD0                                 0x20000024   Data           2  madc.o(.data)
    norm_AD7                                 0x20000026   Data           2  madc.o(.data)
    RawData_AD0                              0x20000028   Data           2  madc.o(.data)
    RawData_AD1                              0x2000002a   Data           2  madc.o(.data)
    RawData_AD2                              0x2000002c   Data           2  madc.o(.data)
    RawData_AD3                              0x2000002e   Data           2  madc.o(.data)
    RawData_AD4                              0x20000030   Data           2  madc.o(.data)
    RawData_AD5                              0x20000032   Data           2  madc.o(.data)
    RawData_AD6                              0x20000034   Data           2  madc.o(.data)
    RawData_AD7                              0x20000036   Data           2  madc.o(.data)
    Recursive_AD0                            0x20000038   Data           2  madc.o(.data)
    Recursive_AD1                            0x2000003a   Data           2  madc.o(.data)
    Recursive_AD2                            0x2000003c   Data           2  madc.o(.data)
    Recursive_AD3                            0x2000003e   Data           2  madc.o(.data)
    Recursive_AD4                            0x20000040   Data           2  madc.o(.data)
    Recursive_AD5                            0x20000042   Data           2  madc.o(.data)
    Recursive_AD6                            0x20000044   Data           2  madc.o(.data)
    Recursive_AD7                            0x20000046   Data           2  madc.o(.data)
    A1                                       0x20000048   Data           2  madc.o(.data)
    A2                                       0x2000004a   Data           2  madc.o(.data)
    A3                                       0x2000004c   Data           2  madc.o(.data)
    A4                                       0x2000004e   Data           2  madc.o(.data)
    A5                                       0x20000050   Data           2  madc.o(.data)
    A6                                       0x20000052   Data           2  madc.o(.data)
    A0                                       0x20000054   Data           2  madc.o(.data)
    A7                                       0x20000056   Data           2  madc.o(.data)
    normAD                                   0x20000058   Data           2  madc.o(.data)
    AD1_MAX                                  0x2000005a   Data           2  madc.o(.data)
    AD2_MAX                                  0x2000005c   Data           2  madc.o(.data)
    AD3_MAX                                  0x2000005e   Data           2  madc.o(.data)
    AD4_MAX                                  0x20000060   Data           2  madc.o(.data)
    AD5_MAX                                  0x20000062   Data           2  madc.o(.data)
    AD6_MAX                                  0x20000064   Data           2  madc.o(.data)
    AD0_MAX                                  0x20000066   Data           2  madc.o(.data)
    AD7_MAX                                  0x20000068   Data           2  madc.o(.data)
    AD1_MIN                                  0x2000006a   Data           2  madc.o(.data)
    AD2_MIN                                  0x2000006c   Data           2  madc.o(.data)
    AD3_MIN                                  0x2000006e   Data           2  madc.o(.data)
    AD4_MIN                                  0x20000070   Data           2  madc.o(.data)
    AD5_MIN                                  0x20000072   Data           2  madc.o(.data)
    AD6_MIN                                  0x20000074   Data           2  madc.o(.data)
    AD0_MIN                                  0x20000076   Data           2  madc.o(.data)
    AD7_MIN                                  0x20000078   Data           2  madc.o(.data)
    ad_Maxcache1                             0x2000007a   Data           2  madc.o(.data)
    ad_Maxcache2                             0x2000007c   Data           2  madc.o(.data)
    ad_Maxcache3                             0x2000007e   Data           2  madc.o(.data)
    ad_Maxcache4                             0x20000080   Data           2  madc.o(.data)
    ad_Maxcache5                             0x20000082   Data           2  madc.o(.data)
    ad_Maxcache6                             0x20000084   Data           2  madc.o(.data)
    ad_Maxcache0                             0x20000086   Data           2  madc.o(.data)
    ad_Maxcache7                             0x20000088   Data           2  madc.o(.data)
    ad_Mincache1                             0x2000008a   Data           2  madc.o(.data)
    ad_Mincache2                             0x2000008c   Data           2  madc.o(.data)
    ad_Mincache3                             0x2000008e   Data           2  madc.o(.data)
    ad_Mincache4                             0x20000090   Data           2  madc.o(.data)
    ad_Mincache5                             0x20000092   Data           2  madc.o(.data)
    ad_Mincache6                             0x20000094   Data           2  madc.o(.data)
    ad_Mincache0                             0x20000096   Data           2  madc.o(.data)
    ad_Mincache7                             0x20000098   Data           2  madc.o(.data)
    AD1_K                                    0x2000009c   Data           4  madc.o(.data)
    AD2_K                                    0x200000a0   Data           4  madc.o(.data)
    AD3_K                                    0x200000a4   Data           4  madc.o(.data)
    AD4_K                                    0x200000a8   Data           4  madc.o(.data)
    AD5_K                                    0x200000ac   Data           4  madc.o(.data)
    AD6_K                                    0x200000b0   Data           4  madc.o(.data)
    AD0_K                                    0x200000b4   Data           4  madc.o(.data)
    AD7_K                                    0x200000b8   Data           4  madc.o(.data)
    ADC_AV                                   0x200000bc   Data           4  madc.o(.data)
    pid                                      0x200000c4   Data          52  pid.o(.bss)
    ADC_ConvertedValue                       0x200000f8   Data          16  adc.o(.bss)
    ADC_ConvertedValueLocal                  0x20000108   Data          32  madc.o(.bss)
    normAD_MAX                               0x20000128   Data          16  madc.o(.bss)
    value_buf                                0x20000138   Data         192  madc.o(.bss)
    __initial_sp                             0x200005f8   Data           0  startup_stm32f10x_hd.o(STACK)



==============================================================================

Memory Map of the image

  Image Entry point : 0x08000145

  Load Region LR_1 (Base: 0x08000000, Size: 0x00003f40, Max: 0xffffffff, ABSOLUTE)

    Execution Region ER_RO (Base: 0x08000000, Size: 0x00003e7c, Max: 0xffffffff, ABSOLUTE)

    Base Addr    Size         Type   Attr      Idx    E Section Name        Object

    0x08000000   0x00000130   Data   RO            3    RESET               startup_stm32f10x_hd.o
    0x08000130   0x00000000   Code   RO         3917  * .ARM.Collect$$$$00000000  mc_w.l(entry.o)
    0x08000130   0x00000004   Code   RO         4215    .ARM.Collect$$$$00000001  mc_w.l(entry2.o)
    0x08000134   0x00000004   Code   RO         4218    .ARM.Collect$$$$00000004  mc_w.l(entry5.o)
    0x08000138   0x00000000   Code   RO         4220    .ARM.Collect$$$$00000008  mc_w.l(entry7b.o)
    0x08000138   0x00000000   Code   RO         4222    .ARM.Collect$$$$0000000A  mc_w.l(entry8b.o)
    0x08000138   0x00000008   Code   RO         4223    .ARM.Collect$$$$0000000B  mc_w.l(entry9a.o)
    0x08000140   0x00000000   Code   RO         4225    .ARM.Collect$$$$0000000D  mc_w.l(entry10a.o)
    0x08000140   0x00000000   Code   RO         4227    .ARM.Collect$$$$0000000F  mc_w.l(entry11a.o)
    0x08000140   0x00000004   Code   RO         4216    .ARM.Collect$$$$00002712  mc_w.l(entry2.o)
    0x08000144   0x00000024   Code   RO            4  * .text               startup_stm32f10x_hd.o
    0x08000168   0x000000b0   Code   RO         4181    .text               mf_w.l(fadd.o)
    0x08000218   0x00000064   Code   RO         4183    .text               mf_w.l(fmul.o)
    0x0800027c   0x0000014e   Code   RO         4185    .text               mf_w.l(dadd.o)
    0x080003ca   0x000000e4   Code   RO         4187    .text               mf_w.l(dmul.o)
    0x080004ae   0x000000de   Code   RO         4189    .text               mf_w.l(ddiv.o)
    0x0800058c   0x00000012   Code   RO         4191    .text               mf_w.l(fflti.o)
    0x0800059e   0x0000000a   Code   RO         4193    .text               mf_w.l(ffltui.o)
    0x080005a8   0x00000022   Code   RO         4195    .text               mf_w.l(dflti.o)
    0x080005ca   0x0000001a   Code   RO         4197    .text               mf_w.l(dfltui.o)
    0x080005e4   0x00000028   Code   RO         4201    .text               mf_w.l(ffixui.o)
    0x0800060c   0x00000032   Code   RO         4203    .text               mf_w.l(dfixui.o)
    0x0800063e   0x00000026   Code   RO         4205    .text               mf_w.l(f2d.o)
    0x08000664   0x00000038   Code   RO         4209    .text               mf_w.l(d2f.o)
    0x0800069c   0x00000014   Code   RO         4211    .text               mf_w.l(cfcmple.o)
    0x080006b0   0x00000014   Code   RO         4213    .text               mf_w.l(cfrcmple.o)
    0x080006c4   0x0000001e   Code   RO         4236    .text               mc_w.l(llshl.o)
    0x080006e2   0x00000020   Code   RO         4238    .text               mc_w.l(llushr.o)
    0x08000702   0x00000024   Code   RO         4240    .text               mc_w.l(llsshr.o)
    0x08000726   0x00000000   Code   RO         4242    .text               mc_w.l(iusefp.o)
    0x08000726   0x0000006e   Code   RO         4243    .text               mf_w.l(fepilogue.o)
    0x08000794   0x000000ba   Code   RO         4245    .text               mf_w.l(depilogue.o)
    0x0800084e   0x00000002   PAD
    0x08000850   0x00000030   Code   RO         4249    .text               mf_w.l(cdrcmple.o)
    0x08000880   0x00000024   Code   RO         4251    .text               mc_w.l(init.o)
    0x080008a4   0x00000016   Code   RO          183    i.ADC_Cmd           stm32f10x_adc.o
    0x080008ba   0x00000016   Code   RO          184    i.ADC_DMACmd        stm32f10x_adc.o
    0x080008d0   0x00000016   Code   RO          188    i.ADC_ExternalTrigConvCmd  stm32f10x_adc.o
    0x080008e6   0x00000014   Code   RO          191    i.ADC_GetCalibrationStatus  stm32f10x_adc.o
    0x080008fa   0x00000014   Code   RO          197    i.ADC_GetResetCalibrationStatus  stm32f10x_adc.o
    0x0800090e   0x00000002   PAD
    0x08000910   0x00000050   Code   RO          201    i.ADC_Init          stm32f10x_adc.o
    0x08000960   0x000000b8   Code   RO          205    i.ADC_RegularChannelConfig  stm32f10x_adc.o
    0x08000a18   0x0000000a   Code   RO          206    i.ADC_ResetCalibration  stm32f10x_adc.o
    0x08000a22   0x00000016   Code   RO          208    i.ADC_SoftwareStartConvCmd  stm32f10x_adc.o
    0x08000a38   0x0000000a   Code   RO          210    i.ADC_StartCalibration  stm32f10x_adc.o
    0x08000a42   0x00000002   PAD
    0x08000a44   0x00000064   Code   RO         3391    i.ADCx_GPIO_Config  adc.o
    0x08000aa8   0x0000000c   Code   RO         3392    i.ADCx_Init         adc.o
    0x08000ab4   0x000001bc   Code   RO         3393    i.ADCx_Mode_Config  adc.o
    0x08000c70   0x0000000c   Code   RO         3542    i.BASIC_TIM6_Init   zd.o
    0x08000c7c   0x00000010   Code   RO         3543    i.BASIC_TIM6_Start  zd.o
    0x08000c8c   0x00000004   Code   RO         3193    i.BusFault_Handler  stm32f10x_it.o
    0x08000c90   0x00000700   Code   RO         3262    i.CONTROL           motor.o
    0x08001390   0x0000002c   Code   RO         3576    i.DBJ_Init          bujin.o
    0x080013bc   0x00000208   Code   RO         3416    i.DISPLAY_AD_GET    madc.o
    0x080015c4   0x00000018   Code   RO          868    i.DMA_Cmd           stm32f10x_dma.o
    0x080015dc   0x0000014c   Code   RO          869    i.DMA_DeInit        stm32f10x_dma.o
    0x08001728   0x0000003c   Code   RO          874    i.DMA_Init          stm32f10x_dma.o
    0x08001764   0x00000002   Code   RO         3194    i.DebugMon_Handler  stm32f10x_it.o
    0x08001766   0x00000002   PAD
    0x08001768   0x0000000c   Code   RO          992    i.FLASH_ClearFlag   stm32f10x_flash.o
    0x08001774   0x0000004c   Code   RO          997    i.FLASH_ErasePage   stm32f10x_flash.o
    0x080017c0   0x00000034   Code   RO          998    i.FLASH_GetBank1Status  stm32f10x_flash.o
    0x080017f4   0x00000014   Code   RO         1007    i.FLASH_Lock        stm32f10x_flash.o
    0x08001808   0x0000006c   Code   RO         1012    i.FLASH_ProgramWord  stm32f10x_flash.o
    0x08001874   0x00000018   Code   RO         1015    i.FLASH_Unlock      stm32f10x_flash.o
    0x0800188c   0x00000026   Code   RO         1019    i.FLASH_WaitForLastOperation  stm32f10x_flash.o
    0x080018b2   0x00000116   Code   RO         1292    i.GPIO_Init         stm32f10x_gpio.o
    0x080019c8   0x00000012   Code   RO         1296    i.GPIO_ReadInputDataBit  stm32f10x_gpio.o
    0x080019da   0x00000004   Code   RO         1299    i.GPIO_ResetBits    stm32f10x_gpio.o
    0x080019de   0x00000004   Code   RO         1300    i.GPIO_SetBits      stm32f10x_gpio.o
    0x080019e2   0x00000004   Code   RO         3195    i.HardFault_Handler  stm32f10x_it.o
    0x080019e6   0x00000002   PAD
    0x080019e8   0x00000034   Code   RO         3630    i.IIC_Ack           iic.o
    0x08001a1c   0x00000038   Code   RO         3631    i.IIC_Init          iic.o
    0x08001a54   0x00000034   Code   RO         3632    i.IIC_NAck          iic.o
    0x08001a88   0x00000054   Code   RO         3633    i.IIC_Read_Byte     iic.o
    0x08001adc   0x0000004c   Code   RO         3634    i.IIC_Send_Byte     iic.o
    0x08001b28   0x00000034   Code   RO         3635    i.IIC_Start         iic.o
    0x08001b5c   0x00000030   Code   RO         3636    i.IIC_Stop          iic.o
    0x08001b8c   0x00000048   Code   RO         3637    i.IIC_Wait_Ack      iic.o
    0x08001bd4   0x0000003a   Code   RO         3456    i.LCD_Fill          oled.o
    0x08001c0e   0x00000002   PAD
    0x08001c10   0x000000ec   Code   RO         3457    i.LCD_Init          oled.o
    0x08001cfc   0x00000064   Code   RO         3459    i.LCD_P6x8Str       oled.o
    0x08001d60   0x000000d0   Code   RO         3460    i.LCD_P6x8integer   oled.o
    0x08001e30   0x00000028   Code   RO         3464    i.LCD_Set_Pos       oled.o
    0x08001e58   0x00000058   Code   RO         3465    i.LCD_WrCmd         oled.o
    0x08001eb0   0x00000058   Code   RO         3466    i.LCD_WrDat         oled.o
    0x08001f08   0x000000e8   Code   RO         3263    i.MOTOR_GPIO_Init   motor.o
    0x08001ff0   0x00000004   Code   RO         3196    i.MemManage_Handler  stm32f10x_it.o
    0x08001ff4   0x00000002   Code   RO         3197    i.NMI_Handler       stm32f10x_it.o
    0x08001ff6   0x00000002   PAD
    0x08001ff8   0x00000070   Code   RO          137    i.NVIC_Init         misc.o
    0x08002068   0x00000014   Code   RO          138    i.NVIC_PriorityGroupConfig  misc.o
    0x0800207c   0x0000002c   Code   RO         3467    i.OLED_GPIO_Config  oled.o
    0x080020a8   0x00000194   Code   RO         3588    i.PCA_MG9XX         pca.o
    0x0800223c   0x000000c4   Code   RO         3589    i.PCA_MG9XX_Init    pca.o
    0x08002300   0x00000214   Code   RO         3308    i.PID_Caculator     pid.o
    0x08002514   0x00000024   Code   RO         3309    i.PID_Config        pid.o
    0x08002538   0x00000034   Code   RO         3334    i.PWM_GPIO_config   pwm.o
    0x0800256c   0x00000088   Code   RO         3335    i.PWM_TIM3_Mode_Config  pwm.o
    0x080025f4   0x00000088   Code   RO         3336    i.PWM_TIM4_Mode_Config  pwm.o
    0x0800267c   0x00000038   Code   RO         3337    i.PWM_TIM_CH1       pwm.o
    0x080026b4   0x00000038   Code   RO         3338    i.PWM_TIM_CH2       pwm.o
    0x080026ec   0x00000038   Code   RO         3339    i.PWM_TIM_CH3       pwm.o
    0x08002724   0x00000038   Code   RO         3340    i.PWM_TIM_CH4       pwm.o
    0x0800275c   0x00000002   Code   RO         3198    i.PendSV_Handler    stm32f10x_it.o
    0x0800275e   0x00000002   PAD
    0x08002760   0x00000018   Code   RO         1706    i.RCC_ADCCLKConfig  stm32f10x_rcc.o
    0x08002778   0x00000020   Code   RO         1707    i.RCC_AHBPeriphClockCmd  stm32f10x_rcc.o
    0x08002798   0x00000020   Code   RO         1708    i.RCC_APB1PeriphClockCmd  stm32f10x_rcc.o
    0x080027b8   0x00000020   Code   RO         1710    i.RCC_APB2PeriphClockCmd  stm32f10x_rcc.o
    0x080027d8   0x00000088   Code   RO         3417    i.RecursiveAverageFiltering  madc.o
    0x08002860   0x00000002   Code   RO         3199    i.SVC_Handler       stm32f10x_it.o
    0x08002862   0x00000008   Code   RO           24    i.SetSysClock       system_stm32f10x.o
    0x0800286a   0x00000002   PAD
    0x0800286c   0x000000e0   Code   RO           25    i.SetSysClockTo72   system_stm32f10x.o
    0x0800294c   0x00000054   Code   RO         3863    i.Step_Motor_GPIO_Init  diver.o
    0x080029a0   0x00000028   Code   RO          141    i.SysTick_CLKSourceConfig  misc.o
    0x080029c8   0x00000002   Code   RO         3200    i.SysTick_Handler   stm32f10x_it.o
    0x080029ca   0x00000002   PAD
    0x080029cc   0x00000060   Code   RO           27    i.SystemInit        system_stm32f10x.o
    0x08002a2c   0x00000020   Code   RO         3201    i.TIM6_IRQHandler   stm32f10x_it.o
    0x08002a4c   0x00000040   Code   RO         3545    i.TIM6_Mode_Config  zd.o
    0x08002a8c   0x0000002a   Code   RO         3546    i.TIM6_NVIC_Config  zd.o
    0x08002ab6   0x00000002   PAD
    0x08002ab8   0x0000009c   Code   RO         3341    i.TIM8_init         pwm.o
    0x08002b54   0x00000018   Code   RO         2330    i.TIM_ARRPreloadConfig  stm32f10x_tim.o
    0x08002b6c   0x00000006   Code   RO         2336    i.TIM_ClearFlag     stm32f10x_tim.o
    0x08002b72   0x00000006   Code   RO         2337    i.TIM_ClearITPendingBit  stm32f10x_tim.o
    0x08002b78   0x00000018   Code   RO         2342    i.TIM_Cmd           stm32f10x_tim.o
    0x08002b90   0x0000001e   Code   RO         2344    i.TIM_CtrlPWMOutputs  stm32f10x_tim.o
    0x08002bae   0x00000022   Code   RO         2363    i.TIM_GetITStatus   stm32f10x_tim.o
    0x08002bd0   0x00000012   Code   RO         2367    i.TIM_ITConfig      stm32f10x_tim.o
    0x08002be2   0x00000002   PAD
    0x08002be4   0x00000098   Code   RO         2371    i.TIM_OC1Init       stm32f10x_tim.o
    0x08002c7c   0x00000012   Code   RO         2374    i.TIM_OC1PreloadConfig  stm32f10x_tim.o
    0x08002c8e   0x00000002   PAD
    0x08002c90   0x000000a4   Code   RO         2376    i.TIM_OC2Init       stm32f10x_tim.o
    0x08002d34   0x0000001a   Code   RO         2379    i.TIM_OC2PreloadConfig  stm32f10x_tim.o
    0x08002d4e   0x00000002   PAD
    0x08002d50   0x000000a0   Code   RO         2381    i.TIM_OC3Init       stm32f10x_tim.o
    0x08002df0   0x00000012   Code   RO         2384    i.TIM_OC3PreloadConfig  stm32f10x_tim.o
    0x08002e02   0x00000002   PAD
    0x08002e04   0x0000007c   Code   RO         2386    i.TIM_OC4Init       stm32f10x_tim.o
    0x08002e80   0x0000001a   Code   RO         2388    i.TIM_OC4PreloadConfig  stm32f10x_tim.o
    0x08002e9a   0x00000004   Code   RO         2405    i.TIM_SetCompare3   stm32f10x_tim.o
    0x08002e9e   0x00000002   PAD
    0x08002ea0   0x000000a4   Code   RO         2413    i.TIM_TimeBaseInit  stm32f10x_tim.o
    0x08002f44   0x00000004   Code   RO         3202    i.UsageFault_Handler  stm32f10x_it.o
    0x08002f48   0x0000000e   Code   RO         4257    i.__scatterload_copy  mc_w.l(handlers.o)
    0x08002f56   0x00000002   Code   RO         4258    i.__scatterload_null  mc_w.l(handlers.o)
    0x08002f58   0x0000000e   Code   RO         4259    i.__scatterload_zeroinit  mc_w.l(handlers.o)
    0x08002f66   0x00000002   PAD
    0x08002f68   0x00000060   Code   RO         3418    i.average_ad_data   madc.o
    0x08002fc8   0x00000044   Code   RO         3684    i.delay_init        delays.o
    0x0800300c   0x0000004c   Code   RO         3685    i.delay_ms          delays.o
    0x08003058   0x0000004c   Code   RO         3686    i.delay_us          delays.o
    0x080030a4   0x0000032c   Code   RO         3109    i.flash             main.o
    0x080033d0   0x00000034   Code   RO         3756    i.flash_write       flash.o
    0x08003404   0x000000dc   Code   RO         3914    i.floor             m_ws.l(floor.o)
    0x080034e0   0x000004cc   Code   RO         3419    i.get_adc           madc.o
    0x080039ac   0x00000060   Code   RO         3266    i.go_car            motor.o
    0x08003a0c   0x0000006c   Code   RO         3110    i.main              main.o
    0x08003a78   0x0000003a   Code   RO         3590    i.pca_read          pca.o
    0x08003ab2   0x00000002   PAD
    0x08003ab4   0x000000cc   Code   RO         3591    i.pca_setfreq       pca.o
    0x08003b80   0x0000003e   Code   RO         3592    i.pca_setpwm        pca.o
    0x08003bbe   0x0000002e   Code   RO         3593    i.pca_write         pca.o
    0x08003bec   0x00000048   Code   RO         3267    i.stop_car          motor.o
    0x08003c34   0x00000228   Data   RO         3468    .constdata          oled.o
    0x08003e5c   0x00000020   Data   RO         4255    Region$$Table       anon$$obj.o


    Execution Region ER_RW (Base: 0x20000000, Size: 0x000000c4, Max: 0xffffffff, ABSOLUTE)

    Base Addr    Size         Type   Attr      Idx    E Section Name        Object

    0x20000000   0x00000014   Data   RW           28    .data               system_stm32f10x.o
    0x20000014   0x00000001   Data   RW         3268    .data               motor.o
    0x20000015   0x00000002   Data   RW         3311    .data               pid.o
    0x20000017   0x00000001   PAD
    0x20000018   0x000000a8   Data   RW         3421    .data               madc.o
    0x200000c0   0x00000004   Data   RW         3687    .data               delays.o


    Execution Region ER_ZI (Base: 0x200000c4, Size: 0x00000534, Max: 0xffffffff, ABSOLUTE)

    Base Addr    Size         Type   Attr      Idx    E Section Name        Object

    0x200000c4   0x00000034   Zero   RW         3310    .bss                pid.o
    0x200000f8   0x00000010   Zero   RW         3394    .bss                adc.o
    0x20000108   0x000000f0   Zero   RW         3420    .bss                madc.o
    0x200001f8   0x00000400   Zero   RW            1    STACK               startup_stm32f10x_hd.o


==============================================================================

Image component sizes


      Code (inc. data)   RO Data    RW Data    ZI Data      Debug   Object Name

       556         22          0          0         16       2141   adc.o
        44          6          0          0          0        467   bujin.o
         0          0          0          0          0       4504   core_cm3.o
       220         26          0          4          0       1643   delays.o
        84          8          0          0          0        515   diver.o
        52          0          0          0          0        570   flash.o
       492         66          0          0          0       3982   iic.o
      1980        382          0        168        240       6322   madc.o
       920        148          0          0          0       1247   main.o
       172         22          0          0          0       2245   misc.o
      2192         62          0          1          0       3159   motor.o
       862         28        552          0          0       5226   oled.o
       970         42          0          0          0       3715   pca.o
       568         66          0          2         52       1875   pid.o
       704         52          0          0          0       4420   pwm.o
        36          8        304          0       1024        844   startup_stm32f10x_hd.o
       412         10          0          0          0       8395   stm32f10x_adc.o
       416          8          0          0          0       3606   stm32f10x_dma.o
       330         38          0          0          0       5692   stm32f10x_flash.o
       304          0          0          0          0       3864   stm32f10x_gpio.o
        58          6          0          0          0       4336   stm32f10x_it.o
       120         24          0          0          0       2413   stm32f10x_rcc.o
       998         92          0          0          0      11664   stm32f10x_tim.o
       328         28          0         20          0     261357   system_stm32f10x.o
       134          8          0          0          0       1781   zd.o

    ----------------------------------------------------------------------
     12984       1152        888        196       1332     345983   Object Totals
         0          0         32          0          0          0   (incl. Generated)
        32          0          0          1          0          0   (incl. Padding)

    ----------------------------------------------------------------------

      Code (inc. data)   RO Data    RW Data    ZI Data      Debug   Library Member Name

       220         16          0          0          0         84   floor.o
         0          0          0          0          0          0   entry.o
         0          0          0          0          0          0   entry10a.o
         0          0          0          0          0          0   entry11a.o
         8          4          0          0          0          0   entry2.o
         4          0          0          0          0          0   entry5.o
         0          0          0          0          0          0   entry7b.o
         0          0          0          0          0          0   entry8b.o
         8          4          0          0          0          0   entry9a.o
        30          0          0          0          0          0   handlers.o
        36          8          0          0          0         68   init.o
         0          0          0          0          0          0   iusefp.o
        30          0          0          0          0         68   llshl.o
        36          0          0          0          0         68   llsshr.o
        32          0          0          0          0         68   llushr.o
        48          0          0          0          0         68   cdrcmple.o
        20          0          0          0          0         68   cfcmple.o
        20          0          0          0          0         68   cfrcmple.o
        56          0          0          0          0         88   d2f.o
       334          0          0          0          0        148   dadd.o
       222          0          0          0          0        100   ddiv.o
       186          0          0          0          0        176   depilogue.o
        50          0          0          0          0         76   dfixui.o
        34          0          0          0          0         76   dflti.o
        26          0          0          0          0         76   dfltui.o
       228          0          0          0          0         96   dmul.o
        38          0          0          0          0         68   f2d.o
       176          0          0          0          0        140   fadd.o
       110          0          0          0          0        168   fepilogue.o
        40          0          0          0          0         68   ffixui.o
        18          0          0          0          0         68   fflti.o
        10          0          0          0          0         68   ffltui.o
       100          0          0          0          0         76   fmul.o

    ----------------------------------------------------------------------
      2124         32          0          0          0       2052   Library Totals
         4          0          0          0          0          0   (incl. Padding)

    ----------------------------------------------------------------------

      Code (inc. data)   RO Data    RW Data    ZI Data      Debug   Library Name

       220         16          0          0          0         84   m_ws.l
       184         16          0          0          0        272   mc_w.l
      1716          0          0          0          0       1696   mf_w.l

    ----------------------------------------------------------------------
      2124         32          0          0          0       2052   Library Totals

    ----------------------------------------------------------------------

==============================================================================


      Code (inc. data)   RO Data    RW Data    ZI Data      Debug   

     15108       1184        888        196       1332     341271   Grand Totals
     15108       1184        888        196       1332     341271   ELF Image Totals
     15108       1184        888        196          0          0   ROM Totals

==============================================================================

    Total RO  Size (Code + RO Data)                15996 (  15.62kB)
    Total RW  Size (RW Data + ZI Data)              1528 (   1.49kB)
    Total ROM Size (Code + RO Data + RW Data)      16192 (  15.81kB)

==============================================================================

