<html>
<body>
<pre>
<h1>礦ision Build Log</h1>
<h2>Tool Versions:</h2>
IDE-Version: μVision V5.15
Copyright (C) 2015 ARM Ltd and ARM Germany GmbH. All rights reserved.
License Information: 1 1, 1, LIC=X1E2Z-JX3PR-AVU1J-UUXKV-ILF2N-CVCAC
 
Tool Versions:
Toolchain:       MDK-ARM Professional  Version: 5.15.0
Toolchain Path:  C:\Keil_v5\ARM\ARMCC\Bin
C Compiler:      Armcc.exe V5.05 update 2 (build 169)
Assembler:       Armasm.exe V5.05 update 2 (build 169)
Linker/Locator:  ArmLink.exe V5.05 update 2 (build 169)
Library Manager: ArmAr.exe V5.05 update 2 (build 169)
Hex Converter:   FromElf.exe V5.05 update 2 (build 169)
CPU DLL:         SARMCM3.DLL V5.15.0
Dialog DLL:      DCM.DLL V1.13.2.0
Target DLL:      Segger\JL2CM3.dll V2.99.15.0
Dialog DLL:      TCM.DLL V1.14.5.0
 
<h2>Project:</h2>
F:\回收区\丽水比赛\鲨鱼辣椒2 - 副本 - 副本\Project\muban.uvprojx
Project File Date:  11/28/2019

<h2>Output:</h2>
*** Using Compiler 'V5.05 update 2 (build 169)', folder: 'C:\Keil_v5\ARM\ARMCC\Bin'
Build target 'Target 1'
assembling startup_stm32f10x_hd.s...
compiling core_cm3.c...
compiling system_stm32f10x.c...
compiling misc.c...
compiling stm32f10x_adc.c...
compiling stm32f10x_bkp.c...
compiling stm32f10x_can.c...
compiling stm32f10x_cec.c...
compiling stm32f10x_crc.c...
compiling stm32f10x_dac.c...
compiling stm32f10x_dbgmcu.c...
compiling stm32f10x_dma.c...
compiling stm32f10x_exti.c...
compiling stm32f10x_flash.c...
compiling stm32f10x_fsmc.c...
compiling stm32f10x_gpio.c...
compiling stm32f10x_i2c.c...
compiling stm32f10x_iwdg.c...
compiling stm32f10x_pwr.c...
compiling stm32f10x_rcc.c...
compiling stm32f10x_rtc.c...
compiling stm32f10x_sdio.c...
compiling stm32f10x_spi.c...
compiling stm32f10x_tim.c...
compiling stm32f10x_usart.c...
compiling stm32f10x_wwdg.c...
compiling main.c...
..\User\main.c(40): warning:  #223-D: function "flash_write" declared implicitly
                        flash_write(240,0 ,(uint16_t)(ad_Maxcache1));
..\User\main.c(59): warning:  #223-D: function "flash_read" declared implicitly
                AD1_MAX = flash_read(240,0);
..\User\main.c: 2 warnings, 0 errors
compiling stm32f10x_it.c...
compiling motor.c...
..\User\motor.c(101): warning:  #177-D: variable "pwm_l" was declared but never referenced
        long pwm_l;
..\User\motor.c(102): warning:  #177-D: variable "pwm_r" was declared but never referenced
        long pwm_r;
..\User\motor.c: 2 warnings, 0 errors
compiling pid.c...
compiling pwm.c...
compiling adc.c...
compiling madc.c...
compiling oled.c...
compiling zd.c...
compiling bujin.c...
compiling pca.c...
compiling iic.c...
compiling delays.c...
compiling sys.c...
compiling flash.c...
compiling diver.c...
linking...
Program Size: Code=15108 RO-data=888 RW-data=196 ZI-data=1332  
".\Objects\muban.axf" - 0 Error(s), 4 Warning(s).

<h2>Collection of Component include folders:</h2>
  F:\回收区\丽水比赛\鲨鱼辣椒2 - 副本 - 副本\Project\RTE
  C:\Keil_v5\ARM\PACK\Keil\STM32F1xx_DFP\1.1.0\Device\Include

<h2>Collection of Component Files used:</h2>
</pre>
</body>
</html>
